<html>
<body>
<pre>
<h1>µVision Build Log</h1>
<h2>Tool Versions:</h2>
IDE-Version: ¦ÌVision V5.43.1.0
Copyright (C) 2025 ARM Ltd and ARM Germany GmbH. All rights reserved.
License Information: zhu Ë¼Ô¶, ÎÞ, LIC=----
 
Tool Versions:
Toolchain:       MDK-Lite  Version: 5.43.0.0
Toolchain Path:  C:\Keil_v5\ARM\ARMCLANG\Bin
C Compiler:      ArmClang.exe V6.24
Assembler:       Armasm.exe V6.24
Linker/Locator:  ArmLink.exe V6.24
Library Manager: ArmAr.exe V6.24
Hex Converter:   FromElf.exe V6.24
CPU DLL:         SARMCM3.DLL V5.43.0.0
Dialog DLL:      DCM.DLL V1.17.5.0
Target DLL:      STLink\ST-LINKIII-KEIL_SWO.dll V3.3.1.0
Dialog DLL:      TCM.DLL V1.56.6.0
 
<h2>Project:</h2>
C:\Users\siyuen\Desktop\all_code\e-competition\32broad-track\Project\uart_protocol.uvprojx
Project File Date:  07/07/2026

<h2>Output:</h2>
*** Using Compiler 'V6.24', folder: 'C:\Keil_v5\ARM\ARMCLANG\Bin'
Rebuild target 'uart_protocol'
compiling serial_protocol.c...
compiling main.c...
compiling system_stm32f1xx.c...
compiling stm32f1xx_it.c...
assembling startup_stm32f100xb.s...
compiling bsp_debug_usart.c...
compiling f32c_gimbal.c...
compiling bsp_led.c...
compiling ringbuffer.c...
compiling protocol_test.c...
compiling stm32f1xx_hal_adc_ex.c...
compiling stm32f1xx_hal.c...
compiling stm32f1xx_hal_cec.c...
compiling stm32f1xx_hal_adc.c...
compiling stm32f1xx_hal_dac.c...
compiling stm32f1xx_hal_cortex.c...
compiling stm32f1xx_hal_dac_ex.c...
compiling stm32f1xx_hal_crc.c...
compiling stm32f1xx_hal_can.c...
compiling stm32f1xx_hal_eth.c...
compiling stm32f1xx_hal_dma.c...
compiling stm32f1xx_hal_flash.c...
compiling stm32f1xx_hal_gpio_ex.c...
compiling stm32f1xx_hal_flash_ex.c...
compiling stm32f1xx_hal_gpio.c...
compiling stm32f1xx_hal_hcd.c...
compiling stm32f1xx_hal_i2s.c...
compiling stm32f1xx_hal_nand.c...
compiling stm32f1xx_hal_mmc.c...
compiling stm32f1xx_hal_iwdg.c...
compiling stm32f1xx_hal_nor.c...
compiling stm32f1xx_hal_irda.c...
compiling stm32f1xx_hal_pccard.c...
compiling stm32f1xx_hal_pcd_ex.c...
compiling stm32f1xx_hal_pwr.c...
compiling stm32f1xx_hal_rcc_ex.c...
compiling stm32f1xx_hal_rcc.c...
compiling stm32f1xx_hal_pcd.c...
compiling stm32f1xx_hal_sd.c...
compiling stm32f1xx_hal_rtc_ex.c...
compiling stm32f1xx_hal_smartcard.c...
compiling stm32f1xx_hal_rtc.c...
compiling stm32f1xx_hal_sram.c...
compiling stm32f1xx_hal_i2c.c...
compiling stm32f1xx_hal_wwdg.c...
compiling stm32f1xx_ll_fsmc.c...
compiling stm32f1xx_ll_sdmmc.c...
compiling stm32f1xx_hal_spi.c...
compiling stm32f1xx_hal_tim_ex.c...
compiling stm32f1xx_hal_usart.c...
compiling stm32f1xx_hal_uart.c...
compiling stm32f1xx_ll_usb.c...
compiling stm32f1xx_hal_tim.c...
linking...
Program Size: Code=8452 RO-data=660 RW-data=72 ZI-data=1576  
FromELF: creating hex file...
".\Output\uart.axf" - 0 Error(s), 0 Warning(s).

<h2>Software Packages used:</h2>

Package Vendor: Keil
                http://www.keil.com/pack/Keil.STM32F1xx_DFP.2.3.0.pack
                Keil::STM32F1xx_DFP@2.3.0
                STMicroelectronics STM32F1 Series Device Support, Drivers and Examples

<h2>Collection of Component include folders:</h2>
  C:/Users/siyuen/AppData/Local/Arm/Packs/Keil/STM32F1xx_DFP/2.3.0/Device/Include

<h2>Collection of Component Files used:</h2>
Build Time Elapsed:  00:00:11
</pre>
</body>
</html>
