Component: Arm Compiler for Embedded 6.24 Tool: armlink [5f371500]

==============================================================================

Section Cross References

    main.o(.text.main) refers to stm32f1xx_hal.o(.text.HAL_Init) for HAL_Init
    main.o(.text.main) refers to memseta.o(.text) for __aeabi_memclr4
    main.o(.text.main) refers to stm32f1xx_hal_rcc.o(.text.HAL_RCC_OscConfig) for HAL_RCC_OscConfig
    main.o(.text.main) refers to stm32f1xx_hal_rcc.o(.text.HAL_RCC_ClockConfig) for HAL_RCC_ClockConfig
    main.o(.text.main) refers to bsp_debug_usart.o(.text.DEBUG_USART_Config) for DEBUG_USART_Config
    main.o(.text.main) refers to protocol_test.o(.text.protocol_test_init) for protocol_test_init
    main.o(.text.main) refers to f32c_gimbal.o(.text.F32C_Gimbal_Init) for F32C_Gimbal_Init
    main.o(.text.main) refers to protocol_test.o(.text.protocol_test_proc) for protocol_test_proc
    main.o(.text.main) refers to f32c_gimbal.o(.text.F32C_Gimbal_Task) for F32C_Gimbal_Task
    main.o(.ARM.exidx.text.main) refers to main.o(.text.main) for [Anonymous Symbol]
    stm32f1xx_it.o(.ARM.exidx.text.NMI_Handler) refers to stm32f1xx_it.o(.text.NMI_Handler) for [Anonymous Symbol]
    stm32f1xx_it.o(.ARM.exidx.text.HardFault_Handler) refers to stm32f1xx_it.o(.text.HardFault_Handler) for [Anonymous Symbol]
    stm32f1xx_it.o(.ARM.exidx.text.MemManage_Handler) refers to stm32f1xx_it.o(.text.MemManage_Handler) for [Anonymous Symbol]
    stm32f1xx_it.o(.ARM.exidx.text.BusFault_Handler) refers to stm32f1xx_it.o(.text.BusFault_Handler) for [Anonymous Symbol]
    stm32f1xx_it.o(.ARM.exidx.text.UsageFault_Handler) refers to stm32f1xx_it.o(.text.UsageFault_Handler) for [Anonymous Symbol]
    stm32f1xx_it.o(.ARM.exidx.text.SVC_Handler) refers to stm32f1xx_it.o(.text.SVC_Handler) for [Anonymous Symbol]
    stm32f1xx_it.o(.ARM.exidx.text.DebugMon_Handler) refers to stm32f1xx_it.o(.text.DebugMon_Handler) for [Anonymous Symbol]
    stm32f1xx_it.o(.ARM.exidx.text.PendSV_Handler) refers to stm32f1xx_it.o(.text.PendSV_Handler) for [Anonymous Symbol]
    stm32f1xx_it.o(.text.SysTick_Handler) refers to stm32f1xx_hal.o(.text.HAL_IncTick) for HAL_IncTick
    stm32f1xx_it.o(.ARM.exidx.text.SysTick_Handler) refers to stm32f1xx_it.o(.text.SysTick_Handler) for [Anonymous Symbol]
    stm32f1xx_it.o(.ARM.exidx.text.EXTI0_IRQHandler) refers to stm32f1xx_it.o(.text.EXTI0_IRQHandler) for [Anonymous Symbol]
    stm32f1xx_it.o(.text.USART2_IRQHandler) refers to protocol_test.o(.bss.huart2) for huart2
    stm32f1xx_it.o(.text.USART2_IRQHandler) refers to stm32f1xx_hal_uart.o(.text.HAL_UART_IRQHandler) for HAL_UART_IRQHandler
    stm32f1xx_it.o(.ARM.exidx.text.USART2_IRQHandler) refers to stm32f1xx_it.o(.text.USART2_IRQHandler) for [Anonymous Symbol]
    protocol_test.o(.text.protocol_test_init) refers to stm32f1xx_hal_gpio.o(.text.HAL_GPIO_Init) for HAL_GPIO_Init
    protocol_test.o(.text.protocol_test_init) refers to stm32f1xx_hal_cortex.o(.text.HAL_NVIC_SetPriority) for HAL_NVIC_SetPriority
    protocol_test.o(.text.protocol_test_init) refers to stm32f1xx_hal_cortex.o(.text.HAL_NVIC_EnableIRQ) for HAL_NVIC_EnableIRQ
    protocol_test.o(.text.protocol_test_init) refers to protocol_test.o(.bss.huart2) for huart2
    protocol_test.o(.text.protocol_test_init) refers to stm32f1xx_hal_uart.o(.text.HAL_UART_Init) for HAL_UART_Init
    protocol_test.o(.text.protocol_test_init) refers to protocol_test.o(.bss._u8Data) for _u8Data
    protocol_test.o(.text.protocol_test_init) refers to stm32f1xx_hal_uart.o(.text.HAL_UART_Receive_IT) for HAL_UART_Receive_IT
    protocol_test.o(.text.protocol_test_init) refers to protocol_test.o(.bss.rbProtocol) for rbProtocol
    protocol_test.o(.text.protocol_test_init) refers to protocol_test.o(.bss._aBuffer) for _aBuffer
    protocol_test.o(.text.protocol_test_init) refers to ringbuffer.o(.text.rbuffer_init) for rbuffer_init
    protocol_test.o(.ARM.exidx.text.protocol_test_init) refers to protocol_test.o(.text.protocol_test_init) for [Anonymous Symbol]
    protocol_test.o(.text.protocol_test_proc) refers to memseta.o(.text) for __aeabi_memclr4
    protocol_test.o(.text.protocol_test_proc) refers to protocol_test.o(.bss.rbProtocol) for rbProtocol
    protocol_test.o(.text.protocol_test_proc) refers to ringbuffer.o(.text.rbuffer_data_len) for rbuffer_data_len
    protocol_test.o(.text.protocol_test_proc) refers to ringbuffer.o(.text.rbuffer_peek) for rbuffer_peek
    protocol_test.o(.text.protocol_test_proc) refers to serial_protocol.o(.text.packet_is_valid) for packet_is_valid
    protocol_test.o(.text.protocol_test_proc) refers to ringbuffer.o(.text.rbuffer_del) for rbuffer_del
    protocol_test.o(.text.protocol_test_proc) refers to serial_protocol.o(.text.packet_decode) for packet_decode
    protocol_test.o(.text.protocol_test_proc) refers to protocol_test.o(.bss.g_vision_target) for g_vision_target
    protocol_test.o(.text.protocol_test_proc) refers to protocol_test.o(.rodata.str1.1) for .L.str
[...]
    Removing stm32f1xx_hal_tim_ex.o(.text.HAL_TIMEx_PWMN_Stop), (136 bytes).
    Removing stm32f1xx_hal_tim_ex.o(.ARM.exidx.text.HAL_TIMEx_PWMN_Stop), (8 bytes).
    Removing stm32f1xx_hal_tim_ex.o(.text.HAL_TIMEx_PWMN_Start_IT), (228 bytes).
    Removing stm32f1xx_hal_tim_ex.o(.ARM.exidx.text.HAL_TIMEx_PWMN_Start_IT), (8 bytes).
    Removing stm32f1xx_hal_tim_ex.o(.text.HAL_TIMEx_PWMN_Stop_IT), (214 bytes).
    Removing stm32f1xx_hal_tim_ex.o(.ARM.exidx.text.HAL_TIMEx_PWMN_Stop_IT), (8 bytes).
    Removing stm32f1xx_hal_tim_ex.o(.text.HAL_TIMEx_PWMN_Start_DMA), (462 bytes).
    Removing stm32f1xx_hal_tim_ex.o(.ARM.exidx.text.HAL_TIMEx_PWMN_Start_DMA), (8 bytes).
    Removing stm32f1xx_hal_tim_ex.o(.text.HAL_TIMEx_PWMN_Stop_DMA), (188 bytes).
    Removing stm32f1xx_hal_tim_ex.o(.ARM.exidx.text.HAL_TIMEx_PWMN_Stop_DMA), (8 bytes).
    Removing stm32f1xx_hal_tim_ex.o(.text.HAL_TIMEx_OnePulseN_Start), (124 bytes).
    Removing stm32f1xx_hal_tim_ex.o(.ARM.exidx.text.HAL_TIMEx_OnePulseN_Start), (8 bytes).
    Removing stm32f1xx_hal_tim_ex.o(.text.HAL_TIMEx_OnePulseN_Stop), (118 bytes).
    Removing stm32f1xx_hal_tim_ex.o(.ARM.exidx.text.HAL_TIMEx_OnePulseN_Stop), (8 bytes).
    Removing stm32f1xx_hal_tim_ex.o(.text.HAL_TIMEx_OnePulseN_Start_IT), (140 bytes).
    Removing stm32f1xx_hal_tim_ex.o(.ARM.exidx.text.HAL_TIMEx_OnePulseN_Start_IT), (8 bytes).
    Removing stm32f1xx_hal_tim_ex.o(.text.HAL_TIMEx_OnePulseN_Stop_IT), (134 bytes).
    Removing stm32f1xx_hal_tim_ex.o(.ARM.exidx.text.HAL_TIMEx_OnePulseN_Stop_IT), (8 bytes).
    Removing stm32f1xx_hal_tim_ex.o(.text.HAL_TIMEx_ConfigCommutEvent), (104 bytes).
    Removing stm32f1xx_hal_tim_ex.o(.ARM.exidx.text.HAL_TIMEx_ConfigCommutEvent), (8 bytes).
    Removing stm32f1xx_hal_tim_ex.o(.text.HAL_TIMEx_ConfigCommutEvent_IT), (104 bytes).
    Removing stm32f1xx_hal_tim_ex.o(.ARM.exidx.text.HAL_TIMEx_ConfigCommutEvent_IT), (8 bytes).
    Removing stm32f1xx_hal_tim_ex.o(.text.HAL_TIMEx_ConfigCommutEvent_DMA), (144 bytes).
    Removing stm32f1xx_hal_tim_ex.o(.ARM.exidx.text.HAL_TIMEx_ConfigCommutEvent_DMA), (8 bytes).
    Removing stm32f1xx_hal_tim_ex.o(.text.TIMEx_DMACommutationCplt), (12 bytes).
    Removing stm32f1xx_hal_tim_ex.o(.ARM.exidx.text.TIMEx_DMACommutationCplt), (8 bytes).
    Removing stm32f1xx_hal_tim_ex.o(.text.TIMEx_DMACommutationHalfCplt), (12 bytes).
    Removing stm32f1xx_hal_tim_ex.o(.ARM.exidx.text.TIMEx_DMACommutationHalfCplt), (8 bytes).
    Removing stm32f1xx_hal_tim_ex.o(.text.HAL_TIMEx_MasterConfigSynchronization), (122 bytes).
    Removing stm32f1xx_hal_tim_ex.o(.ARM.exidx.text.HAL_TIMEx_MasterConfigSynchronization), (8 bytes).
    Removing stm32f1xx_hal_tim_ex.o(.text.HAL_TIMEx_ConfigBreakDeadTime), (76 bytes).
    Removing stm32f1xx_hal_tim_ex.o(.ARM.exidx.text.HAL_TIMEx_ConfigBreakDeadTime), (8 bytes).
    Removing stm32f1xx_hal_tim_ex.o(.text.HAL_TIMEx_RemapConfig), (4 bytes).
    Removing stm32f1xx_hal_tim_ex.o(.ARM.exidx.text.HAL_TIMEx_RemapConfig), (8 bytes).
    Removing stm32f1xx_hal_tim_ex.o(.text.HAL_TIMEx_CommutCallback), (2 bytes).
    Removing stm32f1xx_hal_tim_ex.o(.ARM.exidx.text.HAL_TIMEx_CommutCallback), (8 bytes).
    Removing stm32f1xx_hal_tim_ex.o(.text.HAL_TIMEx_CommutHalfCpltCallback), (2 bytes).
    Removing stm32f1xx_hal_tim_ex.o(.ARM.exidx.text.HAL_TIMEx_CommutHalfCpltCallback), (8 bytes).
    Removing stm32f1xx_hal_tim_ex.o(.text.HAL_TIMEx_BreakCallback), (2 bytes).
    Removing stm32f1xx_hal_tim_ex.o(.ARM.exidx.text.HAL_TIMEx_BreakCallback), (8 bytes).
    Removing stm32f1xx_hal_tim_ex.o(.text.HAL_TIMEx_HallSensor_GetState), (6 bytes).
    Removing stm32f1xx_hal_tim_ex.o(.ARM.exidx.text.HAL_TIMEx_HallSensor_GetState), (8 bytes).
    Removing stm32f1xx_hal_tim_ex.o(.text.HAL_TIMEx_GetChannelNState), (30 bytes).
    Removing stm32f1xx_hal_tim_ex.o(.ARM.exidx.text.HAL_TIMEx_GetChannelNState), (8 bytes).
    Removing stm32f1xx_hal_uart.o(.text), (0 bytes).
    Removing stm32f1xx_hal_uart.o(.ARM.exidx.text.HAL_UART_Init), (8 bytes).
    Removing stm32f1xx_hal_uart.o(.ARM.exidx.text.HAL_UART_MspInit), (8 bytes).
    Removing stm32f1xx_hal_uart.o(.text.HAL_HalfDuplex_Init), (232 bytes).
    Removing stm32f1xx_hal_uart.o(.ARM.exidx.text.HAL_HalfDuplex_Init), (8 bytes).
    Removing stm32f1xx_hal_uart.o(.text.HAL_LIN_Init), (248 bytes).
    Removing stm32f1xx_hal_uart.o(.ARM.exidx.text.HAL_LIN_Init), (8 bytes).
    Removing stm32f1xx_hal_uart.o(.text.HAL_MultiProcessor_Init), (260 bytes).
    Removing stm32f1xx_hal_uart.o(.ARM.exidx.text.HAL_MultiProcessor_Init), (8 bytes).
    Removing stm32f1xx_hal_uart.o(.text.HAL_UART_DeInit), (54 bytes).
    Removing stm32f1xx_hal_uart.o(.ARM.exidx.text.HAL_UART_DeInit), (8 bytes).
    Removing stm32f1xx_hal_uart.o(.text.HAL_UART_MspDeInit), (2 bytes).
    Removing stm32f1xx_hal_uart.o(.ARM.exidx.text.HAL_UART_MspDeInit), (8 bytes).
    Removing stm32f1xx_hal_uart.o(.ARM.exidx.text.HAL_UART_Transmit), (8 bytes).
    Removing stm32f1xx_hal_uart.o(.text.HAL_UART_Receive), (340 bytes).
    Removing stm32f1xx_hal_uart.o(.ARM.exidx.text.HAL_UART_Receive), (8 bytes).
    Removing stm32f1xx_hal_uart.o(.text.HAL_UART_Transmit_IT), (60 bytes).
    Removing stm32f1xx_hal_uart.o(.ARM.exidx.text.HAL_UART_Transmit_IT), (8 bytes).
    Removing stm32f1xx_hal_uart.o(.ARM.exidx.text.HAL_UART_Receive_IT), (8 bytes).
    Removing stm32f1xx_hal_uart.o(.text.UART_Start_Receive_IT), (52 bytes).
    Removing stm32f1xx_hal_uart.o(.ARM.exidx.text.UART_Start_Receive_IT), (8 bytes).
    Removing stm32f1xx_hal_uart.o(.text.HAL_UART_Transmit_DMA), (142 bytes).
    Removing stm32f1xx_hal_uart.o(.ARM.exidx.text.HAL_UART_Transmit_DMA), (8 bytes).
    Removing stm32f1xx_hal_uart.o(.text.UART_DMATransmitCplt), (62 bytes).
    Removing stm32f1xx_hal_uart.o(.ARM.exidx.text.UART_DMATransmitCplt), (8 bytes).
    Removing stm32f1xx_hal_uart.o(.text.UART_DMATxHalfCplt), (6 bytes).
    Removing stm32f1xx_hal_uart.o(.ARM.exidx.text.UART_DMATxHalfCplt), (8 bytes).
    Removing stm32f1xx_hal_uart.o(.text.UART_DMAError), (162 bytes).
    Removing stm32f1xx_hal_uart.o(.ARM.exidx.text.UART_DMAError), (8 bytes).
    Removing stm32f1xx_hal_uart.o(.text.HAL_UART_Receive_DMA), (196 bytes).
    Removing stm32f1xx_hal_uart.o(.ARM.exidx.text.HAL_UART_Receive_DMA), (8 bytes).
    Removing stm32f1xx_hal_uart.o(.text.UART_Start_Receive_DMA), (150 bytes).
    Removing stm32f1xx_hal_uart.o(.ARM.exidx.text.UART_Start_Receive_DMA), (8 bytes).
    Removing stm32f1xx_hal_uart.o(.text.HAL_UART_DMAPause), (124 bytes).
    Removing stm32f1xx_hal_uart.o(.ARM.exidx.text.HAL_UART_DMAPause), (8 bytes).
    Removing stm32f1xx_hal_uart.o(.text.HAL_UART_DMAResume), (126 bytes).
    Removing stm32f1xx_hal_uart.o(.ARM.exidx.text.HAL_UART_DMAResume), (8 bytes).
    Removing stm32f1xx_hal_uart.o(.text.HAL_UART_DMAStop), (214 bytes).
    Removing stm32f1xx_hal_uart.o(.ARM.exidx.text.HAL_UART_DMAStop), (8 bytes).
    Removing stm32f1xx_hal_uart.o(.text.HAL_UARTEx_ReceiveToIdle), (274 bytes).
    Removing stm32f1xx_hal_uart.o(.ARM.exidx.text.HAL_UARTEx_ReceiveToIdle), (8 bytes).
    Removing stm32f1xx_hal_uart.o(.text.HAL_UARTEx_ReceiveToIdle_IT), (136 bytes).
    Removing stm32f1xx_hal_uart.o(.ARM.exidx.text.HAL_UARTEx_ReceiveToIdle_IT), (8 bytes).
    Removing stm32f1xx_hal_uart.o(.text.HAL_UARTEx_ReceiveToIdle_DMA), (252 bytes).
    Removing stm32f1xx_hal_uart.o(.ARM.exidx.text.HAL_UARTEx_ReceiveToIdle_DMA), (8 bytes).
    Removing stm32f1xx_hal_uart.o(.text.HAL_UARTEx_GetRxEventType), (4 bytes).
    Removing stm32f1xx_hal_uart.o(.ARM.exidx.text.HAL_UARTEx_GetRxEventType), (8 bytes).
    Removing stm32f1xx_hal_uart.o(.text.HAL_UART_Abort), (206 bytes).
    Removing stm32f1xx_hal_uart.o(.ARM.exidx.text.HAL_UART_Abort), (8 bytes).
    Removing stm32f1xx_hal_uart.o(.text.HAL_UART_AbortTransmit), (96 bytes).
    Removing stm32f1xx_hal_uart.o(.ARM.exidx.text.HAL_UART_AbortTransmit), (8 bytes).
    Removing stm32f1xx_hal_uart.o(.text.HAL_UART_AbortReceive), (146 bytes).
    Removing stm32f1xx_hal_uart.o(.ARM.exidx.text.HAL_UART_AbortReceive), (8 bytes).
    Removing stm32f1xx_hal_uart.o(.text.HAL_UART_Abort_IT), (248 bytes).
    Removing stm32f1xx_hal_uart.o(.ARM.exidx.text.HAL_UART_Abort_IT), (8 bytes).
    Removing stm32f1xx_hal_uart.o(.text.UART_DMATxAbortCallback), (42 bytes).
    Removing stm32f1xx_hal_uart.o(.ARM.exidx.text.UART_DMATxAbortCallback), (8 bytes).
    Removing stm32f1xx_hal_uart.o(.text.UART_DMARxAbortCallback), (42 bytes).
    Removing stm32f1xx_hal_uart.o(.ARM.exidx.text.UART_DMARxAbortCallback), (8 bytes).
    Removing stm32f1xx_hal_uart.o(.text.HAL_UART_AbortCpltCallback), (2 bytes).
    Removing stm32f1xx_hal_uart.o(.ARM.exidx.text.HAL_UART_AbortCpltCallback), (8 bytes).
    Removing stm32f1xx_hal_uart.o(.text.HAL_UART_AbortTransmit_IT), (104 bytes).
    Removing stm32f1xx_hal_uart.o(.ARM.exidx.text.HAL_UART_AbortTransmit_IT), (8 bytes).
    Removing stm32f1xx_hal_uart.o(.text.UART_DMATxOnlyAbortCallback), (16 bytes).
    Removing stm32f1xx_hal_uart.o(.ARM.exidx.text.UART_DMATxOnlyAbortCallback), (8 bytes).
    Removing stm32f1xx_hal_uart.o(.text.HAL_UART_AbortTransmitCpltCallback), (2 bytes).
    Removing stm32f1xx_hal_uart.o(.ARM.exidx.text.HAL_UART_AbortTransmitCpltCallback), (8 bytes).
    Removing stm32f1xx_hal_uart.o(.text.HAL_UART_AbortReceive_IT), (154 bytes).
    Removing stm32f1xx_hal_uart.o(.ARM.exidx.text.HAL_UART_AbortReceive_IT), (8 bytes).
    Removing stm32f1xx_hal_uart.o(.text.UART_DMARxOnlyAbortCallback), (18 bytes).
    Removing stm32f1xx_hal_uart.o(.ARM.exidx.text.UART_DMARxOnlyAbortCallback), (8 bytes).
    Removing stm32f1xx_hal_uart.o(.text.HAL_UART_AbortReceiveCpltCallback), (2 bytes).
    Removing stm32f1xx_hal_uart.o(.ARM.exidx.text.HAL_UART_AbortReceiveCpltCallback), (8 bytes).
    Removing stm32f1xx_hal_uart.o(.ARM.exidx.text.HAL_UART_IRQHandler), (8 bytes).
    Removing stm32f1xx_hal_uart.o(.ARM.exidx.text.UART_Receive_IT), (8 bytes).
    Removing stm32f1xx_hal_uart.o(.ARM.exidx.text.UART_DMAAbortOnError), (8 bytes).
    Removing stm32f1xx_hal_uart.o(.ARM.exidx.text.HAL_UART_ErrorCallback), (8 bytes).
    Removing stm32f1xx_hal_uart.o(.ARM.exidx.text.HAL_UARTEx_RxEventCallback), (8 bytes).
    Removing stm32f1xx_hal_uart.o(.ARM.exidx.text.HAL_UART_TxCpltCallback), (8 bytes).
    Removing stm32f1xx_hal_uart.o(.text.HAL_UART_TxHalfCpltCallback), (2 bytes).
    Removing stm32f1xx_hal_uart.o(.ARM.exidx.text.HAL_UART_TxHalfCpltCallback), (8 bytes).
    Removing stm32f1xx_hal_uart.o(.text.HAL_UART_RxCpltCallback), (2 bytes).
    Removing stm32f1xx_hal_uart.o(.ARM.exidx.text.HAL_UART_RxCpltCallback), (8 bytes).
    Removing stm32f1xx_hal_uart.o(.text.HAL_UART_RxHalfCpltCallback), (2 bytes).
    Removing stm32f1xx_hal_uart.o(.ARM.exidx.text.HAL_UART_RxHalfCpltCallback), (8 bytes).
    Removing stm32f1xx_hal_uart.o(.text.HAL_LIN_SendBreak), (60 bytes).
    Removing stm32f1xx_hal_uart.o(.ARM.exidx.text.HAL_LIN_SendBreak), (8 bytes).
    Removing stm32f1xx_hal_uart.o(.text.HAL_MultiProcessor_EnterMuteMode), (62 bytes).
    Removing stm32f1xx_hal_uart.o(.ARM.exidx.text.HAL_MultiProcessor_EnterMuteMode), (8 bytes).
    Removing stm32f1xx_hal_uart.o(.text.HAL_MultiProcessor_ExitMuteMode), (62 bytes).
    Removing stm32f1xx_hal_uart.o(.ARM.exidx.text.HAL_MultiProcessor_ExitMuteMode), (8 bytes).
    Removing stm32f1xx_hal_uart.o(.text.HAL_HalfDuplex_EnableTransmitter), (44 bytes).
    Removing stm32f1xx_hal_uart.o(.ARM.exidx.text.HAL_HalfDuplex_EnableTransmitter), (8 bytes).
    Removing stm32f1xx_hal_uart.o(.text.HAL_HalfDuplex_EnableReceiver), (46 bytes).
    Removing stm32f1xx_hal_uart.o(.ARM.exidx.text.HAL_HalfDuplex_EnableReceiver), (8 bytes).
    Removing stm32f1xx_hal_uart.o(.text.HAL_UART_GetState), (14 bytes).
    Removing stm32f1xx_hal_uart.o(.ARM.exidx.text.HAL_UART_GetState), (8 bytes).
    Removing stm32f1xx_hal_uart.o(.text.HAL_UART_GetError), (4 bytes).
    Removing stm32f1xx_hal_uart.o(.ARM.exidx.text.HAL_UART_GetError), (8 bytes).
    Removing stm32f1xx_hal_uart.o(.text.UART_DMAReceiveCplt), (128 bytes).
    Removing stm32f1xx_hal_uart.o(.ARM.exidx.text.UART_DMAReceiveCplt), (8 bytes).
    Removing stm32f1xx_hal_uart.o(.text.UART_DMARxHalfCplt), (24 bytes).
    Removing stm32f1xx_hal_uart.o(.ARM.exidx.text.UART_DMARxHalfCplt), (8 bytes).
    Removing stm32f1xx_hal_usart.o(.text), (0 bytes).
    Removing stm32f1xx_hal_usart.o(.text.HAL_USART_Init), (238 bytes).
    Removing stm32f1xx_hal_usart.o(.ARM.exidx.text.HAL_USART_Init), (8 bytes).
    Removing stm32f1xx_hal_usart.o(.text.HAL_USART_MspInit), (2 bytes).
    Removing stm32f1xx_hal_usart.o(.ARM.exidx.text.HAL_USART_MspInit), (8 bytes).
    Removing stm32f1xx_hal_usart.o(.text.HAL_USART_DeInit), (46 bytes).
    Removing stm32f1xx_hal_usart.o(.ARM.exidx.text.HAL_USART_DeInit), (8 bytes).
    Removing stm32f1xx_hal_usart.o(.text.HAL_USART_MspDeInit), (2 bytes).
    Removing stm32f1xx_hal_usart.o(.ARM.exidx.text.HAL_USART_MspDeInit), (8 bytes).
    Removing stm32f1xx_hal_usart.o(.text.HAL_USART_Transmit), (300 bytes).
    Removing stm32f1xx_hal_usart.o(.ARM.exidx.text.HAL_USART_Transmit), (8 bytes).
    Removing stm32f1xx_hal_usart.o(.text.HAL_USART_Receive), (334 bytes).
    Removing stm32f1xx_hal_usart.o(.ARM.exidx.text.HAL_USART_Receive), (8 bytes).
    Removing stm32f1xx_hal_usart.o(.text.HAL_USART_TransmitReceive), (454 bytes).
    Removing stm32f1xx_hal_usart.o(.ARM.exidx.text.HAL_USART_TransmitReceive), (8 bytes).
    Removing stm32f1xx_hal_usart.o(.text.HAL_USART_Transmit_IT), (72 bytes).
    Removing stm32f1xx_hal_usart.o(.ARM.exidx.text.HAL_USART_Transmit_IT), (8 bytes).
    Removing stm32f1xx_hal_usart.o(.text.HAL_USART_Receive_IT), (96 bytes).
    Removing stm32f1xx_hal_usart.o(.ARM.exidx.text.HAL_USART_Receive_IT), (8 bytes).
    Removing stm32f1xx_hal_usart.o(.text.HAL_USART_TransmitReceive_IT), (116 bytes).
    Removing stm32f1xx_hal_usart.o(.ARM.exidx.text.HAL_USART_TransmitReceive_IT), (8 bytes).
    Removing stm32f1xx_hal_usart.o(.text.HAL_USART_Transmit_DMA), (158 bytes).
    Removing stm32f1xx_hal_usart.o(.ARM.exidx.text.HAL_USART_Transmit_DMA), (8 bytes).
    Removing stm32f1xx_hal_usart.o(.text.USART_DMATransmitCplt), (58 bytes).
    Removing stm32f1xx_hal_usart.o(.ARM.exidx.text.USART_DMATransmitCplt), (8 bytes).
    Removing stm32f1xx_hal_usart.o(.text.USART_DMATxHalfCplt), (6 bytes).
    Removing stm32f1xx_hal_usart.o(.ARM.exidx.text.USART_DMATxHalfCplt), (8 bytes).
    Removing stm32f1xx_hal_usart.o(.text.USART_DMAError), (96 bytes).
    Removing stm32f1xx_hal_usart.o(.ARM.exidx.text.USART_DMAError), (8 bytes).
    Removing stm32f1xx_hal_usart.o(.text.HAL_USART_Receive_DMA), (212 bytes).
    Removing stm32f1xx_hal_usart.o(.ARM.exidx.text.HAL_USART_Receive_DMA), (8 bytes).
    Removing stm32f1xx_hal_usart.o(.text.USART_DMAReceiveCplt), (108 bytes).
    Removing stm32f1xx_hal_usart.o(.ARM.exidx.text.USART_DMAReceiveCplt), (8 bytes).
    Removing stm32f1xx_hal_usart.o(.text.USART_DMARxHalfCplt), (6 bytes).
    Removing stm32f1xx_hal_usart.o(.ARM.exidx.text.USART_DMARxHalfCplt), (8 bytes).
    Removing stm32f1xx_hal_usart.o(.text.HAL_USART_TransmitReceive_DMA), (240 bytes).
    Removing stm32f1xx_hal_usart.o(.ARM.exidx.text.HAL_USART_TransmitReceive_DMA), (8 bytes).
    Removing stm32f1xx_hal_usart.o(.text.HAL_USART_DMAPause), (32 bytes).
    Removing stm32f1xx_hal_usart.o(.ARM.exidx.text.HAL_USART_DMAPause), (8 bytes).
    Removing stm32f1xx_hal_usart.o(.text.HAL_USART_DMAResume), (32 bytes).
    Removing stm32f1xx_hal_usart.o(.ARM.exidx.text.HAL_USART_DMAResume), (8 bytes).
    Removing stm32f1xx_hal_usart.o(.text.HAL_USART_DMAStop), (120 bytes).
    Removing stm32f1xx_hal_usart.o(.ARM.exidx.text.HAL_USART_DMAStop), (8 bytes).
    Removing stm32f1xx_hal_usart.o(.text.HAL_USART_Abort), (94 bytes).
    Removing stm32f1xx_hal_usart.o(.ARM.exidx.text.HAL_USART_Abort), (8 bytes).
    Removing stm32f1xx_hal_usart.o(.text.HAL_USART_Abort_IT), (162 bytes).
    Removing stm32f1xx_hal_usart.o(.ARM.exidx.text.HAL_USART_Abort_IT), (8 bytes).
    Removing stm32f1xx_hal_usart.o(.text.USART_DMATxAbortCallback), (36 bytes).
    Removing stm32f1xx_hal_usart.o(.ARM.exidx.text.USART_DMATxAbortCallback), (8 bytes).
    Removing stm32f1xx_hal_usart.o(.text.USART_DMARxAbortCallback), (36 bytes).
    Removing stm32f1xx_hal_usart.o(.ARM.exidx.text.USART_DMARxAbortCallback), (8 bytes).
    Removing stm32f1xx_hal_usart.o(.text.HAL_USART_AbortCpltCallback), (2 bytes).
    Removing stm32f1xx_hal_usart.o(.ARM.exidx.text.HAL_USART_AbortCpltCallback), (8 bytes).
    Removing stm32f1xx_hal_usart.o(.text.HAL_USART_IRQHandler), (432 bytes).
    Removing stm32f1xx_hal_usart.o(.ARM.exidx.text.HAL_USART_IRQHandler), (8 bytes).
    Removing stm32f1xx_hal_usart.o(.text.USART_Receive_IT), (128 bytes).
    Removing stm32f1xx_hal_usart.o(.ARM.exidx.text.USART_Receive_IT), (8 bytes).
    Removing stm32f1xx_hal_usart.o(.text.USART_TransmitReceive_IT), (202 bytes).
    Removing stm32f1xx_hal_usart.o(.ARM.exidx.text.USART_TransmitReceive_IT), (8 bytes).
    Removing stm32f1xx_hal_usart.o(.text.USART_DMAAbortOnError), (12 bytes).
    Removing stm32f1xx_hal_usart.o(.ARM.exidx.text.USART_DMAAbortOnError), (8 bytes).
    Removing stm32f1xx_hal_usart.o(.text.HAL_USART_ErrorCallback), (2 bytes).
    Removing stm32f1xx_hal_usart.o(.ARM.exidx.text.HAL_USART_ErrorCallback), (8 bytes).
    Removing stm32f1xx_hal_usart.o(.text.HAL_USART_TxCpltCallback), (2 bytes).
    Removing stm32f1xx_hal_usart.o(.ARM.exidx.text.HAL_USART_TxCpltCallback), (8 bytes).
    Removing stm32f1xx_hal_usart.o(.text.HAL_USART_TxHalfCpltCallback), (2 bytes).
    Removing stm32f1xx_hal_usart.o(.ARM.exidx.text.HAL_USART_TxHalfCpltCallback), (8 bytes).
    Removing stm32f1xx_hal_usart.o(.text.HAL_USART_RxCpltCallback), (2 bytes).
    Removing stm32f1xx_hal_usart.o(.ARM.exidx.text.HAL_USART_RxCpltCallback), (8 bytes).
    Removing stm32f1xx_hal_usart.o(.text.HAL_USART_RxHalfCpltCallback), (2 bytes).
    Removing stm32f1xx_hal_usart.o(.ARM.exidx.text.HAL_USART_RxHalfCpltCallback), (8 bytes).
    Removing stm32f1xx_hal_usart.o(.text.HAL_USART_TxRxCpltCallback), (2 bytes).
    Removing stm32f1xx_hal_usart.o(.ARM.exidx.text.HAL_USART_TxRxCpltCallback), (8 bytes).
    Removing stm32f1xx_hal_usart.o(.text.HAL_USART_GetState), (6 bytes).
    Removing stm32f1xx_hal_usart.o(.ARM.exidx.text.HAL_USART_GetState), (8 bytes).
    Removing stm32f1xx_hal_usart.o(.text.HAL_USART_GetError), (4 bytes).
    Removing stm32f1xx_hal_usart.o(.ARM.exidx.text.HAL_USART_GetError), (8 bytes).
    Removing stm32f1xx_hal_wwdg.o(.text), (0 bytes).
    Removing stm32f1xx_hal_wwdg.o(.text.HAL_WWDG_Init), (40 bytes).
    Removing stm32f1xx_hal_wwdg.o(.ARM.exidx.text.HAL_WWDG_Init), (8 bytes).
    Removing stm32f1xx_hal_wwdg.o(.text.HAL_WWDG_MspInit), (2 bytes).
    Removing stm32f1xx_hal_wwdg.o(.ARM.exidx.text.HAL_WWDG_MspInit), (8 bytes).
    Removing stm32f1xx_hal_wwdg.o(.text.HAL_WWDG_Refresh), (10 bytes).
    Removing stm32f1xx_hal_wwdg.o(.ARM.exidx.text.HAL_WWDG_Refresh), (8 bytes).
    Removing stm32f1xx_hal_wwdg.o(.text.HAL_WWDG_IRQHandler), (28 bytes).
    Removing stm32f1xx_hal_wwdg.o(.ARM.exidx.text.HAL_WWDG_IRQHandler), (8 bytes).
    Removing stm32f1xx_hal_wwdg.o(.text.HAL_WWDG_EarlyWakeupCallback), (2 bytes).
    Removing stm32f1xx_hal_wwdg.o(.ARM.exidx.text.HAL_WWDG_EarlyWakeupCallback), (8 bytes).
    Removing stm32f1xx_ll_fsmc.o(.text), (0 bytes).
    Removing stm32f1xx_ll_sdmmc.o(.text), (0 bytes).
    Removing stm32f1xx_ll_usb.o(.text), (0 bytes).
    Removing stm32f1xx_ll_usb.o(.text.USB_CoreInit), (4 bytes).
    Removing stm32f1xx_ll_usb.o(.ARM.exidx.text.USB_CoreInit), (8 bytes).
    Removing stm32f1xx_ll_usb.o(.text.USB_EnableGlobalInt), (18 bytes).
    Removing stm32f1xx_ll_usb.o(.ARM.exidx.text.USB_EnableGlobalInt), (8 bytes).
    Removing stm32f1xx_ll_usb.o(.text.USB_DisableGlobalInt), (20 bytes).
    Removing stm32f1xx_ll_usb.o(.ARM.exidx.text.USB_DisableGlobalInt), (8 bytes).
    Removing stm32f1xx_ll_usb.o(.text.USB_SetCurrentMode), (4 bytes).
    Removing stm32f1xx_ll_usb.o(.ARM.exidx.text.USB_SetCurrentMode), (8 bytes).
    Removing stm32f1xx_ll_usb.o(.text.USB_DevInit), (26 bytes).
    Removing stm32f1xx_ll_usb.o(.ARM.exidx.text.USB_DevInit), (8 bytes).
    Removing stm32f1xx_ll_usb.o(.text.USB_FlushTxFifo), (4 bytes).
    Removing stm32f1xx_ll_usb.o(.ARM.exidx.text.USB_FlushTxFifo), (8 bytes).
    Removing stm32f1xx_ll_usb.o(.text.USB_FlushRxFifo), (4 bytes).
    Removing stm32f1xx_ll_usb.o(.ARM.exidx.text.USB_FlushRxFifo), (8 bytes).
    Removing stm32f1xx_ll_usb.o(.text.USB_ActivateEndpoint), (598 bytes).
    Removing stm32f1xx_ll_usb.o(.ARM.exidx.text.USB_ActivateEndpoint), (8 bytes).
    Removing stm32f1xx_ll_usb.o(.text.USB_DeactivateEndpoint), (220 bytes).
    Removing stm32f1xx_ll_usb.o(.ARM.exidx.text.USB_DeactivateEndpoint), (8 bytes).
    Removing stm32f1xx_ll_usb.o(.text.USB_EPStartXfer), (1314 bytes).
    Removing stm32f1xx_ll_usb.o(.ARM.exidx.text.USB_EPStartXfer), (8 bytes).
    Removing stm32f1xx_ll_usb.o(.text.USB_WritePMA), (34 bytes).
    Removing stm32f1xx_ll_usb.o(.ARM.exidx.text.USB_WritePMA), (8 bytes).
    Removing stm32f1xx_ll_usb.o(.text.USB_EPSetStall), (50 bytes).
    Removing stm32f1xx_ll_usb.o(.ARM.exidx.text.USB_EPSetStall), (8 bytes).
    Removing stm32f1xx_ll_usb.o(.text.USB_EPClearStall), (114 bytes).
    Removing stm32f1xx_ll_usb.o(.ARM.exidx.text.USB_EPClearStall), (8 bytes).
    Removing stm32f1xx_ll_usb.o(.text.USB_EPStopXfer), (92 bytes).
    Removing stm32f1xx_ll_usb.o(.ARM.exidx.text.USB_EPStopXfer), (8 bytes).
    Removing stm32f1xx_ll_usb.o(.text.USB_StopDevice), (22 bytes).
    Removing stm32f1xx_ll_usb.o(.ARM.exidx.text.USB_StopDevice), (8 bytes).
    Removing stm32f1xx_ll_usb.o(.text.USB_SetDevAddress), (14 bytes).
    Removing stm32f1xx_ll_usb.o(.ARM.exidx.text.USB_SetDevAddress), (8 bytes).
    Removing stm32f1xx_ll_usb.o(.text.USB_DevConnect), (4 bytes).
    Removing stm32f1xx_ll_usb.o(.ARM.exidx.text.USB_DevConnect), (8 bytes).
    Removing stm32f1xx_ll_usb.o(.text.USB_DevDisconnect), (4 bytes).
    Removing stm32f1xx_ll_usb.o(.ARM.exidx.text.USB_DevDisconnect), (8 bytes).
    Removing stm32f1xx_ll_usb.o(.text.USB_ReadInterrupts), (6 bytes).
    Removing stm32f1xx_ll_usb.o(.ARM.exidx.text.USB_ReadInterrupts), (8 bytes).
    Removing stm32f1xx_ll_usb.o(.text.USB_ReadDevAllOutEpInterrupt), (4 bytes).
    Removing stm32f1xx_ll_usb.o(.ARM.exidx.text.USB_ReadDevAllOutEpInterrupt), (8 bytes).
    Removing stm32f1xx_ll_usb.o(.text.USB_ReadDevAllInEpInterrupt), (4 bytes).
    Removing stm32f1xx_ll_usb.o(.ARM.exidx.text.USB_ReadDevAllInEpInterrupt), (8 bytes).
    Removing stm32f1xx_ll_usb.o(.text.USB_ReadDevOutEPInterrupt), (4 bytes).
    Removing stm32f1xx_ll_usb.o(.ARM.exidx.text.USB_ReadDevOutEPInterrupt), (8 bytes).
    Removing stm32f1xx_ll_usb.o(.text.USB_ReadDevInEPInterrupt), (4 bytes).
    Removing stm32f1xx_ll_usb.o(.ARM.exidx.text.USB_ReadDevInEPInterrupt), (8 bytes).
    Removing stm32f1xx_ll_usb.o(.text.USB_ClearInterrupts), (2 bytes).
    Removing stm32f1xx_ll_usb.o(.ARM.exidx.text.USB_ClearInterrupts), (8 bytes).
    Removing stm32f1xx_ll_usb.o(.text.USB_EP0_OutStart), (4 bytes).
    Removing stm32f1xx_ll_usb.o(.ARM.exidx.text.USB_EP0_OutStart), (8 bytes).
    Removing stm32f1xx_ll_usb.o(.text.USB_ActivateRemoteWakeup), (18 bytes).
    Removing stm32f1xx_ll_usb.o(.ARM.exidx.text.USB_ActivateRemoteWakeup), (8 bytes).
    Removing stm32f1xx_ll_usb.o(.text.USB_DeActivateRemoteWakeup), (18 bytes).
    Removing stm32f1xx_ll_usb.o(.ARM.exidx.text.USB_DeActivateRemoteWakeup), (8 bytes).
    Removing stm32f1xx_ll_usb.o(.text.USB_ReadPMA), (46 bytes).
    Removing stm32f1xx_ll_usb.o(.ARM.exidx.text.USB_ReadPMA), (8 bytes).
    Removing dadd.o(.text), (334 bytes).
    Removing dmul.o(.text), (228 bytes).
    Removing ddiv.o(.text), (222 bytes).
    Removing dfixul.o(.text), (48 bytes).
    Removing cdrcmple.o(.text), (48 bytes).
    Removing depilogue.o(.text), (186 bytes).

1590 unused section(s) (total 93404 bytes) removed from the image.

==============================================================================

Image Symbol Table

    Local Symbols

    Symbol Name                              Value     Ov Type        Size  Object(Section)

    ../clib/division.s                       0x00000000   Number         0  aeabi_sdiv.o ABSOLUTE
    ../clib/microlib/division.c              0x00000000   Number         0  uidiv.o ABSOLUTE
    ../clib/microlib/division.c              0x00000000   Number         0  uldiv.o ABSOLUTE
    ../clib/microlib/init/entry.s            0x00000000   Number         0  entry.o ABSOLUTE
    ../clib/microlib/init/entry.s            0x00000000   Number         0  entry2.o ABSOLUTE
    ../clib/microlib/init/entry.s            0x00000000   Number         0  entry5.o ABSOLUTE
    ../clib/microlib/init/entry.s            0x00000000   Number         0  entry7a.o ABSOLUTE
    ../clib/microlib/init/entry.s            0x00000000   Number         0  entry7b.o ABSOLUTE
    ../clib/microlib/init/entry.s            0x00000000   Number         0  entry8a.o ABSOLUTE
    ../clib/microlib/init/entry.s            0x00000000   Number         0  entry8b.o ABSOLUTE
    ../clib/microlib/init/entry.s            0x00000000   Number         0  entry9a.o ABSOLUTE
    ../clib/microlib/init/entry.s            0x00000000   Number         0  entry9b.o ABSOLUTE
    ../clib/microlib/init/entry.s            0x00000000   Number         0  entry10a.o ABSOLUTE
    ../clib/microlib/init/entry.s            0x00000000   Number         0  entry10b.o ABSOLUTE
    ../clib/microlib/init/entry.s            0x00000000   Number         0  entry11a.o ABSOLUTE
    ../clib/microlib/init/entry.s            0x00000000   Number         0  entry11b.o ABSOLUTE
    ../clib/microlib/longlong.c              0x00000000   Number         0  llshl.o ABSOLUTE
    ../clib/microlib/longlong.c              0x00000000   Number         0  llushr.o ABSOLUTE
    ../clib/microlib/longlong.c              0x00000000   Number         0  llsshr.o ABSOLUTE
    ../clib/microlib/printf/printf.c         0x00000000   Number         0  printfb.o ABSOLUTE
    ../clib/microlib/printf/printf.c         0x00000000   Number         0  printf0.o ABSOLUTE
    ../clib/microlib/printf/printf.c         0x00000000   Number         0  printf1.o ABSOLUTE
    ../clib/microlib/printf/printf.c         0x00000000   Number         0  printf2.o ABSOLUTE
    ../clib/microlib/printf/printf.c         0x00000000   Number         0  printf3.o ABSOLUTE
    ../clib/microlib/printf/printf.c         0x00000000   Number         0  printf4.o ABSOLUTE
    ../clib/microlib/printf/printf.c         0x00000000   Number         0  printf5.o ABSOLUTE
    ../clib/microlib/printf/printf.c         0x00000000   Number         0  printf6.o ABSOLUTE
    ../clib/microlib/printf/printf.c         0x00000000   Number         0  printf7.o ABSOLUTE
    ../clib/microlib/printf/printf.c         0x00000000   Number         0  printf8.o ABSOLUTE
    ../clib/microlib/printf/printf.c         0x00000000   Number         0  printfa.o ABSOLUTE
    ../clib/microlib/printf/stubs.s          0x00000000   Number         0  printfstubs.o ABSOLUTE
    ../clib/microlib/stdio/puts.c            0x00000000   Number         0  puts.o ABSOLUTE
    ../clib/microlib/stdio/puts.c            0x00000000   Number         0  puts_e.o ABSOLUTE
    ../clib/microlib/stdio/streams.c         0x00000000   Number         0  stdout.o ABSOLUTE
    ../clib/microlib/string/memcpy.c         0x00000000   Number         0  memcpya.o ABSOLUTE
    ../clib/microlib/string/memcpy.c         0x00000000   Number         0  memcpyb.o ABSOLUTE
    ../clib/microlib/string/memset.c         0x00000000   Number         0  memseta.o ABSOLUTE
    ../clib/microlib/stubs.s                 0x00000000   Number         0  iusefp.o ABSOLUTE
    ../fplib/microlib/fpadd.c                0x00000000   Number         0  dadd.o ABSOLUTE
    ../fplib/microlib/fpdiv.c                0x00000000   Number         0  ddiv.o ABSOLUTE
    ../fplib/microlib/fpepilogue.c           0x00000000   Number         0  depilogue.o ABSOLUTE
    ../fplib/microlib/fpfix.c                0x00000000   Number         0  dfixul.o ABSOLUTE
    ../fplib/microlib/fpmul.c                0x00000000   Number         0  dmul.o ABSOLUTE
    ..\Libraries\CMSIS\Device\ST\STM32F1xx\Source\Templates\arm\startup_stm32f100xb.s 0x00000000   Number         0  startup_stm32f100xb.o ABSOLUTE
    bsp_debug_usart.c                        0x00000000   Number         0  bsp_debug_usart.o ABSOLUTE
    bsp_led.c                                0x00000000   Number         0  bsp_led.o ABSOLUTE
    cdrcmple.s                               0x00000000   Number         0  cdrcmple.o ABSOLUTE
    dc.s                                     0x00000000   Number         0  dc.o ABSOLUTE
    f32c_gimbal.c                            0x00000000   Number         0  f32c_gimbal.o ABSOLUTE
    handlers.s                               0x00000000   Number         0  handlers.o ABSOLUTE
    init.s                                   0x00000000   Number         0  init.o ABSOLUTE
    main.c                                   0x00000000   Number         0  main.o ABSOLUTE
    protocol_test.c                          0x00000000   Number         0  protocol_test.o ABSOLUTE
    ringbuffer.c                             0x00000000   Number         0  ringbuffer.o ABSOLUTE
    serial_protocol.c                        0x00000000   Number         0  serial_protocol.o ABSOLUTE
    stm32f1xx_hal.c                          0x00000000   Number         0  stm32f1xx_hal.o ABSOLUTE
    stm32f1xx_hal_adc.c                      0x00000000   Number         0  stm32f1xx_hal_adc.o ABSOLUTE
    stm32f1xx_hal_adc_ex.c                   0x00000000   Number         0  stm32f1xx_hal_adc_ex.o ABSOLUTE
    stm32f1xx_hal_can.c                      0x00000000   Number         0  stm32f1xx_hal_can.o ABSOLUTE
    stm32f1xx_hal_cec.c                      0x00000000   Number         0  stm32f1xx_hal_cec.o ABSOLUTE
    stm32f1xx_hal_cortex.c                   0x00000000   Number         0  stm32f1xx_hal_cortex.o ABSOLUTE
    stm32f1xx_hal_crc.c                      0x00000000   Number         0  stm32f1xx_hal_crc.o ABSOLUTE
    stm32f1xx_hal_dac.c                      0x00000000   Number         0  stm32f1xx_hal_dac.o ABSOLUTE
    stm32f1xx_hal_dac_ex.c                   0x00000000   Number         0  stm32f1xx_hal_dac_ex.o ABSOLUTE
    stm32f1xx_hal_dma.c                      0x00000000   Number         0  stm32f1xx_hal_dma.o ABSOLUTE
    stm32f1xx_hal_eth.c                      0x00000000   Number         0  stm32f1xx_hal_eth.o ABSOLUTE
    stm32f1xx_hal_flash.c                    0x00000000   Number         0  stm32f1xx_hal_flash.o ABSOLUTE
    stm32f1xx_hal_flash_ex.c                 0x00000000   Number         0  stm32f1xx_hal_flash_ex.o ABSOLUTE
    stm32f1xx_hal_gpio.c                     0x00000000   Number         0  stm32f1xx_hal_gpio.o ABSOLUTE
    stm32f1xx_hal_gpio_ex.c                  0x00000000   Number         0  stm32f1xx_hal_gpio_ex.o ABSOLUTE
    stm32f1xx_hal_hcd.c                      0x00000000   Number         0  stm32f1xx_hal_hcd.o ABSOLUTE
    stm32f1xx_hal_i2c.c                      0x00000000   Number         0  stm32f1xx_hal_i2c.o ABSOLUTE
    stm32f1xx_hal_i2s.c                      0x00000000   Number         0  stm32f1xx_hal_i2s.o ABSOLUTE
    stm32f1xx_hal_irda.c                     0x00000000   Number         0  stm32f1xx_hal_irda.o ABSOLUTE
    stm32f1xx_hal_iwdg.c                     0x00000000   Number         0  stm32f1xx_hal_iwdg.o ABSOLUTE
    stm32f1xx_hal_mmc.c                      0x00000000   Number         0  stm32f1xx_hal_mmc.o ABSOLUTE
    stm32f1xx_hal_nand.c                     0x00000000   Number         0  stm32f1xx_hal_nand.o ABSOLUTE
    stm32f1xx_hal_nor.c                      0x00000000   Number         0  stm32f1xx_hal_nor.o ABSOLUTE
    stm32f1xx_hal_pccard.c                   0x00000000   Number         0  stm32f1xx_hal_pccard.o ABSOLUTE
    stm32f1xx_hal_pcd.c                      0x00000000   Number         0  stm32f1xx_hal_pcd.o ABSOLUTE
    stm32f1xx_hal_pcd_ex.c                   0x00000000   Number         0  stm32f1xx_hal_pcd_ex.o ABSOLUTE
    stm32f1xx_hal_pwr.c                      0x00000000   Number         0  stm32f1xx_hal_pwr.o ABSOLUTE
    stm32f1xx_hal_rcc.c                      0x00000000   Number         0  stm32f1xx_hal_rcc.o ABSOLUTE
    stm32f1xx_hal_rcc_ex.c                   0x00000000   Number         0  stm32f1xx_hal_rcc_ex.o ABSOLUTE
    stm32f1xx_hal_rtc.c                      0x00000000   Number         0  stm32f1xx_hal_rtc.o ABSOLUTE
    stm32f1xx_hal_rtc_ex.c                   0x00000000   Number         0  stm32f1xx_hal_rtc_ex.o ABSOLUTE
    stm32f1xx_hal_sd.c                       0x00000000   Number         0  stm32f1xx_hal_sd.o ABSOLUTE
    stm32f1xx_hal_smartcard.c                0x00000000   Number         0  stm32f1xx_hal_smartcard.o ABSOLUTE
    stm32f1xx_hal_spi.c                      0x00000000   Number         0  stm32f1xx_hal_spi.o ABSOLUTE
    stm32f1xx_hal_sram.c                     0x00000000   Number         0  stm32f1xx_hal_sram.o ABSOLUTE
    stm32f1xx_hal_tim.c                      0x00000000   Number         0  stm32f1xx_hal_tim.o ABSOLUTE
    stm32f1xx_hal_tim_ex.c                   0x00000000   Number         0  stm32f1xx_hal_tim_ex.o ABSOLUTE
    stm32f1xx_hal_uart.c                     0x00000000   Number         0  stm32f1xx_hal_uart.o ABSOLUTE
    stm32f1xx_hal_usart.c                    0x00000000   Number         0  stm32f1xx_hal_usart.o ABSOLUTE
    stm32f1xx_hal_wwdg.c                     0x00000000   Number         0  stm32f1xx_hal_wwdg.o ABSOLUTE
    stm32f1xx_it.c                           0x00000000   Number         0  stm32f1xx_it.o ABSOLUTE
    stm32f1xx_ll_fsmc.c                      0x00000000   Number         0  stm32f1xx_ll_fsmc.o ABSOLUTE
    stm32f1xx_ll_sdmmc.c                     0x00000000   Number         0  stm32f1xx_ll_sdmmc.o ABSOLUTE
    stm32f1xx_ll_usb.c                       0x00000000   Number         0  stm32f1xx_ll_usb.o ABSOLUTE
    system_stm32f1xx.c                       0x00000000   Number         0  system_stm32f1xx.o ABSOLUTE
    RESET                                    0x08000000   Section      288  startup_stm32f100xb.o(RESET)
    .ARM.Collect$$$$00000000                 0x08000120   Section        0  entry.o(.ARM.Collect$$$$00000000)
    .ARM.Collect$$$$00000001                 0x08000120   Section        4  entry2.o(.ARM.Collect$$$$00000001)
    .ARM.Collect$$$$00000004                 0x08000124   Section        4  entry5.o(.ARM.Collect$$$$00000004)
    .ARM.Collect$$$$00000008                 0x08000128   Section        0  entry7b.o(.ARM.Collect$$$$00000008)
    .ARM.Collect$$$$0000000A                 0x08000128   Section        0  entry8b.o(.ARM.Collect$$$$0000000A)
    .ARM.Collect$$$$0000000B                 0x08000128   Section        8  entry9a.o(.ARM.Collect$$$$0000000B)
    __lit__00000000                          0x08000130   Data           4  entry2.o(.ARM.Collect$$$$00002712)
    .ARM.Collect$$$$0000000D                 0x08000130   Section        0  entry10a.o(.ARM.Collect$$$$0000000D)
    .ARM.Collect$$$$0000000F                 0x08000130   Section        0  entry11a.o(.ARM.Collect$$$$0000000F)
    .ARM.Collect$$$$00002712                 0x08000130   Section        4  entry2.o(.ARM.Collect$$$$00002712)
    .text                                    0x08000134   Section       36  startup_stm32f100xb.o(.text)
    .text                                    0x08000158   Section        0  memcpya.o(.text)
    .text                                    0x0800017c   Section        0  memseta.o(.text)
    .text                                    0x080001a0   Section        0  uldiv.o(.text)
    .text                                    0x08000204   Section       48  init.o(.text)
    .text                                    0x08000234   Section        0  llshl.o(.text)
    .text                                    0x08000252   Section        0  llushr.o(.text)
    [Anonymous Symbol]                       0x08000274   Section        0  stm32f1xx_it.o(.text.BusFault_Handler)
    [Anonymous Symbol]                       0x08000278   Section        0  bsp_debug_usart.o(.text.DEBUG_USART_Config)
    [Anonymous Symbol]                       0x0800031c   Section        0  stm32f1xx_it.o(.text.DebugMon_Handler)
    [Anonymous Symbol]                       0x08000320   Section        0  stm32f1xx_it.o(.text.EXTI0_IRQHandler)
    [Anonymous Symbol]                       0x08000324   Section        0  f32c_gimbal.o(.text.F32C_Gimbal_Init)
    [Anonymous Symbol]                       0x080007e4   Section        0  f32c_gimbal.o(.text.F32C_Gimbal_SendPositionBoth)
    [Anonymous Symbol]                       0x080008a8   Section        0  f32c_gimbal.o(.text.F32C_Gimbal_Task)
    [Anonymous Symbol]                       0x08000cac   Section        0  stm32f1xx_hal_dma.o(.text.HAL_DMA_Abort)
    [Anonymous Symbol]                       0x08000cec   Section        0  stm32f1xx_hal_dma.o(.text.HAL_DMA_Abort_IT)
    [Anonymous Symbol]                       0x08000da0   Section        0  stm32f1xx_hal.o(.text.HAL_Delay)
    [Anonymous Symbol]                       0x08000dc8   Section        0  stm32f1xx_hal_gpio.o(.text.HAL_GPIO_Init)
    [Anonymous Symbol]                       0x08000fcc   Section        0  stm32f1xx_hal_gpio.o(.text.HAL_GPIO_ReadPin)
    [Anonymous Symbol]                       0x08000fd8   Section        0  stm32f1xx_hal.o(.text.HAL_GetTick)
    [Anonymous Symbol]                       0x08000fe4   Section        0  stm32f1xx_hal.o(.text.HAL_IncTick)
    [Anonymous Symbol]                       0x08001000   Section        0  stm32f1xx_hal.o(.text.HAL_Init)
    [Anonymous Symbol]                       0x08001028   Section        0  stm32f1xx_hal.o(.text.HAL_InitTick)
    [Anonymous Symbol]                       0x08001078   Section        0  stm32f1xx_hal.o(.text.HAL_MspInit)
    [Anonymous Symbol]                       0x0800107c   Section        0  stm32f1xx_hal_cortex.o(.text.HAL_NVIC_EnableIRQ)
    [Anonymous Symbol]                       0x080010a0   Section        0  stm32f1xx_hal_cortex.o(.text.HAL_NVIC_SetPriority)
    [Anonymous Symbol]                       0x080010f8   Section        0  stm32f1xx_hal_cortex.o(.text.HAL_NVIC_SetPriorityGrouping)
    [Anonymous Symbol]                       0x08001118   Section        0  stm32f1xx_hal_rcc.o(.text.HAL_RCC_ClockConfig)
    [Anonymous Symbol]                       0x080012cc   Section        0  stm32f1xx_hal_rcc.o(.text.HAL_RCC_GetPCLK1Freq)
    [Anonymous Symbol]                       0x080012f4   Section        0  stm32f1xx_hal_rcc.o(.text.HAL_RCC_GetPCLK2Freq)
    [Anonymous Symbol]                       0x0800131c   Section        0  stm32f1xx_hal_rcc.o(.text.HAL_RCC_OscConfig)
    [Anonymous Symbol]                       0x08001654   Section        0  stm32f1xx_hal_cortex.o(.text.HAL_SYSTICK_Config)
    [Anonymous Symbol]                       0x08001680   Section        0  stm32f1xx_hal_uart.o(.text.HAL_UARTEx_RxEventCallback)
    [Anonymous Symbol]                       0x08001684   Section        0  stm32f1xx_hal_uart.o(.text.HAL_UART_ErrorCallback)
    [Anonymous Symbol]                       0x08001688   Section        0  stm32f1xx_hal_uart.o(.text.HAL_UART_IRQHandler)
    [Anonymous Symbol]                       0x0800198c   Section        0  stm32f1xx_hal_uart.o(.text.HAL_UART_Init)
    [Anonymous Symbol]                       0x08001a6c   Section        0  stm32f1xx_hal_uart.o(.text.HAL_UART_MspInit)
    [Anonymous Symbol]                       0x08001a70   Section        0  stm32f1xx_hal_uart.o(.text.HAL_UART_Receive_IT)
    [Anonymous Symbol]                       0x08001ac4   Section        0  protocol_test.o(.text.HAL_UART_RxCpltCallback)
    [Anonymous Symbol]                       0x08001b00   Section        0  stm32f1xx_hal_uart.o(.text.HAL_UART_Transmit)
    [Anonymous Symbol]                       0x08001bf4   Section        0  stm32f1xx_hal_uart.o(.text.HAL_UART_TxCpltCallback)
    [Anonymous Symbol]                       0x08001bf8   Section        0  stm32f1xx_it.o(.text.HardFault_Handler)
    [Anonymous Symbol]                       0x08001bfc   Section        0  stm32f1xx_it.o(.text.MemManage_Handler)
    [Anonymous Symbol]                       0x08001c00   Section        0  stm32f1xx_it.o(.text.NMI_Handler)
    [Anonymous Symbol]                       0x08001c04   Section        0  stm32f1xx_it.o(.text.PendSV_Handler)
    [Anonymous Symbol]                       0x08001c08   Section        0  stm32f1xx_it.o(.text.SVC_Handler)
    [Anonymous Symbol]                       0x08001c0c   Section        0  stm32f1xx_it.o(.text.SysTick_Handler)
    [Anonymous Symbol]                       0x08001c10   Section        0  system_stm32f1xx.o(.text.SystemInit)
    UART_DMAAbortOnError                     0x08001c15   Thumb Code    12  stm32f1xx_hal_uart.o(.text.UART_DMAAbortOnError)
    [Anonymous Symbol]                       0x08001c14   Section        0  stm32f1xx_hal_uart.o(.text.UART_DMAAbortOnError)
    UART_Receive_IT                          0x08001c21   Thumb Code   192  stm32f1xx_hal_uart.o(.text.UART_Receive_IT)
    [Anonymous Symbol]                       0x08001c20   Section        0  stm32f1xx_hal_uart.o(.text.UART_Receive_IT)
    [Anonymous Symbol]                       0x08001ce0   Section        0  stm32f1xx_it.o(.text.USART2_IRQHandler)
    [Anonymous Symbol]                       0x08001cec   Section        0  stm32f1xx_it.o(.text.UsageFault_Handler)
    [Anonymous Symbol]                       0x08001cf0   Section        0  bsp_debug_usart.o(.text.fputc)
    [Anonymous Symbol]                       0x08001d10   Section        0  main.o(.text.main)
    [Anonymous Symbol]                       0x08001d84   Section        0  serial_protocol.o(.text.packet_decode)
    [Anonymous Symbol]                       0x08001dd0   Section        0  serial_protocol.o(.text.packet_is_valid)
    [Anonymous Symbol]                       0x08001e7c   Section        0  serial_protocol.o(.text.packet_length)
    [Anonymous Symbol]                       0x08001ea0   Section        0  protocol_test.o(.text.protocol_test_init)
    [Anonymous Symbol]                       0x08001f6c   Section        0  protocol_test.o(.text.protocol_test_proc)
    [Anonymous Symbol]                       0x080020c0   Section        0  ringbuffer.o(.text.rbuffer_data_len)
    [Anonymous Symbol]                       0x08002100   Section        0  ringbuffer.o(.text.rbuffer_del)
    [Anonymous Symbol]                       0x0800217c   Section        0  ringbuffer.o(.text.rbuffer_init)
    [Anonymous Symbol]                       0x0800218c   Section        0  ringbuffer.o(.text.rbuffer_peek)
    [Anonymous Symbol]                       0x0800220c   Section        0  ringbuffer.o(.text.rbuffer_putchar)
    [Anonymous Symbol]                       0x0800226c   Section        0  ringbuffer.o(.text.rbuffer_status)
    i.__0printf$4                            0x08002280   Section        0  printf4.o(i.__0printf$4)
    i.__scatterload_copy                     0x080022a0   Section       14  handlers.o(i.__scatterload_copy)
    i.__scatterload_null                     0x080022ae   Section        2  handlers.o(i.__scatterload_null)
    i.__scatterload_zeroinit                 0x080022b0   Section       14  handlers.o(i.__scatterload_zeroinit)
    _printf_core                             0x080022c1   Thumb Code   552  printf4.o(i._printf_core)
    i._printf_core                           0x080022c0   Section        0  printf4.o(i._printf_core)
    i.puts                                   0x080024ec   Section        0  puts.o(i.puts)
    HAL_RCC_GetSysClockFreq.aPredivFactorTable 0x08002528   Data           2  stm32f1xx_hal_rcc.o(.rodata.HAL_RCC_GetSysClockFreq.aPredivFactorTable)
    [Anonymous Symbol]                       0x08002528   Section        0  stm32f1xx_hal_rcc.o(.rodata.HAL_RCC_GetSysClockFreq.aPredivFactorTable)
    HAL_RCC_GetSysClockFreq.aPLLMULFactorTable 0x0800252a   Data          16  stm32f1xx_hal_rcc.o(.rodata.cst16)
    [Anonymous Symbol]                       0x0800252a   Section        0  stm32f1xx_hal_rcc.o(.rodata.cst16)
    .L.str                                   0x0800253a   Data          77  protocol_test.o(.rodata.str1.1)
    [Anonymous Symbol]                       0x0800253a   Section        0  protocol_test.o(.rodata.str1.1)
    .L.str.2                                 0x08002587   Data          90  f32c_gimbal.o(.rodata.str1.1)
    [Anonymous Symbol]                       0x08002587   Section        0  f32c_gimbal.o(.rodata.str1.1)
    .L.str.6                                 0x080025e1   Data          25  f32c_gimbal.o(.rodata.str1.1)
    .L.str.3                                 0x080025fa   Data         113  f32c_gimbal.o(.rodata.str1.1)
    .data                                    0x20000000   Section        4  stdout.o(.data)
    motor1_Enable_data                       0x20000008   Data           5  f32c_gimbal.o(.data.motor1_Enable_data)
    [Anonymous Symbol]                       0x20000008   Section        0  f32c_gimbal.o(.data.motor1_Enable_data)
    motor1_Mode_data                         0x2000000d   Data           7  f32c_gimbal.o(.data.motor1_Mode_data)
    [Anonymous Symbol]                       0x2000000d   Section        0  f32c_gimbal.o(.data.motor1_Mode_data)
    motor1_Position_data                     0x20000014   Data           9  f32c_gimbal.o(.data.motor1_Position_data)
    [Anonymous Symbol]                       0x20000014   Section        0  f32c_gimbal.o(.data.motor1_Position_data)
    motor1_Speed_data                        0x2000001d   Data           7  f32c_gimbal.o(.data.motor1_Speed_data)
    [Anonymous Symbol]                       0x2000001d   Section        0  f32c_gimbal.o(.data.motor1_Speed_data)
    motor2_Enable_data                       0x20000024   Data           5  f32c_gimbal.o(.data.motor2_Enable_data)
    [Anonymous Symbol]                       0x20000024   Section        0  f32c_gimbal.o(.data.motor2_Enable_data)
    motor2_Mode_data                         0x20000029   Data           7  f32c_gimbal.o(.data.motor2_Mode_data)
    [Anonymous Symbol]                       0x20000029   Section        0  f32c_gimbal.o(.data.motor2_Mode_data)
    motor2_Position_data                     0x20000030   Data           9  f32c_gimbal.o(.data.motor2_Position_data)
    [Anonymous Symbol]                       0x20000030   Section        0  f32c_gimbal.o(.data.motor2_Position_data)
    motor2_Speed_data                        0x20000039   Data           7  f32c_gimbal.o(.data.motor2_Speed_data)
    [Anonymous Symbol]                       0x20000039   Section        0  f32c_gimbal.o(.data.motor2_Speed_data)
    F32C_Gimbal_Task.last_control_ms         0x20000048   Data           4  f32c_gimbal.o(.bss.F32C_Gimbal_Task.last_control_ms)
    [Anonymous Symbol]                       0x20000048   Section        0  f32c_gimbal.o(.bss.F32C_Gimbal_Task.last_control_ms)
    F32C_Gimbal_Task.last_seen_count         0x2000004c   Data           4  f32c_gimbal.o(.bss.F32C_Gimbal_Task.last_seen_count)
    [Anonymous Symbol]                       0x2000004c   Section        0  f32c_gimbal.o(.bss.F32C_Gimbal_Task.last_seen_count)
    F32C_Gimbal_Task.last_seen_ms            0x20000050   Data           4  f32c_gimbal.o(.bss.F32C_Gimbal_Task.last_seen_ms)
    [Anonymous Symbol]                       0x20000050   Section        0  f32c_gimbal.o(.bss.F32C_Gimbal_Task.last_seen_ms)
    _aBuffer                                 0x20000064   Data         256  protocol_test.o(.bss._aBuffer)
    [Anonymous Symbol]                       0x20000064   Section        0  protocol_test.o(.bss._aBuffer)
    _u8Data                                  0x20000164   Data           1  protocol_test.o(.bss._u8Data)
    [Anonymous Symbol]                       0x20000164   Section        0  protocol_test.o(.bss._u8Data)
    f32c_update_track_zone_from_gpio.last_raw_zone 0x20000165   Data           1  f32c_gimbal.o(.bss.f32c_update_track_zone_from_gpio.last_raw_zone)
    [Anonymous Symbol]                       0x20000165   Section        0  f32c_gimbal.o(.bss.f32c_update_track_zone_from_gpio.last_raw_zone)
    f32c_update_track_zone_from_gpio.last_sample_ms 0x20000168   Data           4  f32c_gimbal.o(.bss.f32c_update_track_zone_from_gpio.last_sample_ms)
    [Anonymous Symbol]                       0x20000168   Section        0  f32c_gimbal.o(.bss.f32c_update_track_zone_from_gpio.last_sample_ms)
    f32c_update_track_zone_from_gpio.stable_count 0x2000016c   Data           1  f32c_gimbal.o(.bss.f32c_update_track_zone_from_gpio.stable_count)
    [Anonymous Symbol]                       0x2000016c   Section        0  f32c_gimbal.o(.bss.f32c_update_track_zone_from_gpio.stable_count)
    g_has_last_good_vision                   0x2000016d   Data           1  f32c_gimbal.o(.bss.g_has_last_good_vision)
    [Anonymous Symbol]                       0x2000016d   Section        0  f32c_gimbal.o(.bss.g_has_last_good_vision)
    g_last_good_err_x                        0x2000016e   Data           2  f32c_gimbal.o(.bss.g_last_good_err_x)
    [Anonymous Symbol]                       0x2000016e   Section        0  f32c_gimbal.o(.bss.g_last_good_err_x)
    g_last_good_ms                           0x20000170   Data           4  f32c_gimbal.o(.bss.g_last_good_ms)
    [Anonymous Symbol]                       0x20000170   Section        0  f32c_gimbal.o(.bss.g_last_good_ms)
    g_last_good_raw_dx                       0x20000174   Data           2  f32c_gimbal.o(.bss.g_last_good_raw_dx)
    [Anonymous Symbol]                       0x20000174   Section        0  f32c_gimbal.o(.bss.g_last_good_raw_dx)
    g_last_good_raw_dy                       0x20000176   Data           2  f32c_gimbal.o(.bss.g_last_good_raw_dy)
    [Anonymous Symbol]                       0x20000176   Section        0  f32c_gimbal.o(.bss.g_last_good_raw_dy)
    g_last_position_send_ms                  0x20000178   Data           4  f32c_gimbal.o(.bss.g_last_position_send_ms)
    [Anonymous Symbol]                       0x20000178   Section        0  f32c_gimbal.o(.bss.g_last_position_send_ms)
    g_pending_pitch_x10                      0x2000017c   Data           4  f32c_gimbal.o(.bss.g_pending_pitch_x10)
    [Anonymous Symbol]                       0x2000017c   Section        0  f32c_gimbal.o(.bss.g_pending_pitch_x10)
    g_pending_position_valid                 0x20000180   Data           1  f32c_gimbal.o(.bss.g_pending_position_valid)
    [Anonymous Symbol]                       0x20000180   Section        0  f32c_gimbal.o(.bss.g_pending_position_valid)
    g_pending_yaw_x10                        0x20000184   Data           4  f32c_gimbal.o(.bss.g_pending_yaw_x10)
    [Anonymous Symbol]                       0x20000184   Section        0  f32c_gimbal.o(.bss.g_pending_yaw_x10)
    g_track_zone                             0x20000188   Data           1  f32c_gimbal.o(.bss.g_track_zone)
    [Anonymous Symbol]                       0x20000188   Section        0  f32c_gimbal.o(.bss.g_track_zone)
    g_track_zone_start_ms                    0x2000018c   Data           4  f32c_gimbal.o(.bss.g_track_zone_start_ms)
    [Anonymous Symbol]                       0x2000018c   Section        0  f32c_gimbal.o(.bss.g_track_zone_start_ms)
    huart                                    0x200001a4   Data          72  bsp_debug_usart.o(.bss.huart)
    [Anonymous Symbol]                       0x200001a4   Section        0  bsp_debug_usart.o(.bss.huart)
    huart3                                   0x20000234   Data          72  f32c_gimbal.o(.bss.huart3)
    [Anonymous Symbol]                       0x20000234   Section        0  f32c_gimbal.o(.bss.huart3)
    STACK                                    0x20000290   Section     1024  startup_stm32f100xb.o(STACK)

    Global Symbols

    Symbol Name                              Value     Ov Type        Size  Object(Section)

    BuildAttributes$$THM_ISAv4$P$D$K$B$S$PE$A:L22UL41UL21$X:L11$S22US41US21$IEEE1$IW$~IW$USESV6$~STKCKD$USESV7$~SHL$OTIME$ROPI$EBA8$MICROLIB$REQ8$PRES8$EABIv2 0x00000000   Number         0  anon$$obj.o ABSOLUTE
    _printf_a                                0x00000000   Number         0  printfstubs.o ABSOLUTE
    _printf_c                                0x00000000   Number         0  printfstubs.o ABSOLUTE
    _printf_charcount                        0x00000000   Number         0  printfstubs.o ABSOLUTE
    _printf_d                                0x00000000   Number         0  printfstubs.o ABSOLUTE
    _printf_e                                0x00000000   Number         0  printfstubs.o ABSOLUTE
    _printf_f                                0x00000000   Number         0  printfstubs.o ABSOLUTE
    _printf_flags                            0x00000000   Number         0  printfstubs.o ABSOLUTE
    _printf_fp_dec                           0x00000000   Number         0  printfstubs.o ABSOLUTE
    _printf_fp_hex                           0x00000000   Number         0  printfstubs.o ABSOLUTE
    _printf_g                                0x00000000   Number         0  printfstubs.o ABSOLUTE
    _printf_i                                0x00000000   Number         0  printfstubs.o ABSOLUTE
    _printf_int_dec                          0x00000000   Number         0  printfstubs.o ABSOLUTE
    _printf_l                                0x00000000   Number         0  printfstubs.o ABSOLUTE
    _printf_lc                               0x00000000   Number         0  printfstubs.o ABSOLUTE
    _printf_ll                               0x00000000   Number         0  printfstubs.o ABSOLUTE
    _printf_lld                              0x00000000   Number         0  printfstubs.o ABSOLUTE
    _printf_lli                              0x00000000   Number         0  printfstubs.o ABSOLUTE
    _printf_llo                              0x00000000   Number         0  printfstubs.o ABSOLUTE
    _printf_llu                              0x00000000   Number         0  printfstubs.o ABSOLUTE
    _printf_llx                              0x00000000   Number         0  printfstubs.o ABSOLUTE
    _printf_longlong_dec                     0x00000000   Number         0  printfstubs.o ABSOLUTE
    _printf_longlong_hex                     0x00000000   Number         0  printfstubs.o ABSOLUTE
    _printf_longlong_oct                     0x00000000   Number         0  printfstubs.o ABSOLUTE
    _printf_ls                               0x00000000   Number         0  printfstubs.o ABSOLUTE
    _printf_mbtowc                           0x00000000   Number         0  printfstubs.o ABSOLUTE
    _printf_n                                0x00000000   Number         0  printfstubs.o ABSOLUTE
    _printf_o                                0x00000000   Number         0  printfstubs.o ABSOLUTE
    _printf_p                                0x00000000   Number         0  printfstubs.o ABSOLUTE
    _printf_percent                          0x00000000   Number         0  printfstubs.o ABSOLUTE
    _printf_pre_padding                      0x00000000   Number         0  printfstubs.o ABSOLUTE
    _printf_return_value                     0x00000000   Number         0  printfstubs.o ABSOLUTE
    _printf_s                                0x00000000   Number         0  printfstubs.o ABSOLUTE
    _printf_sizespec                         0x00000000   Number         0  printfstubs.o ABSOLUTE
    _printf_str                              0x00000000   Number         0  printfstubs.o ABSOLUTE
    _printf_truncate_signed                  0x00000000   Number         0  printfstubs.o ABSOLUTE
    _printf_truncate_unsigned                0x00000000   Number         0  printfstubs.o ABSOLUTE
    _printf_u                                0x00000000   Number         0  printfstubs.o ABSOLUTE
    _printf_wc                               0x00000000   Number         0  printfstubs.o ABSOLUTE
    _printf_wctomb                           0x00000000   Number         0  printfstubs.o ABSOLUTE
    _printf_widthprec                        0x00000000   Number         0  printfstubs.o ABSOLUTE
    _printf_x                                0x00000000   Number         0  printfstubs.o ABSOLUTE
    __cpp_initialize__aeabi_                  - Undefined Weak Reference
    __cxa_finalize                            - Undefined Weak Reference
    __decompress                              - Undefined Weak Reference
    _clock_init                               - Undefined Weak Reference
    _microlib_exit                            - Undefined Weak Reference
    __Vectors_Size                           0x00000120   Number         0  startup_stm32f100xb.o ABSOLUTE
    __Vectors                                0x08000000   Data           4  startup_stm32f100xb.o(RESET)
    __Vectors_End                            0x08000120   Data           0  startup_stm32f100xb.o(RESET)
    __main                                   0x08000121   Thumb Code     0  entry.o(.ARM.Collect$$$$00000000)
    _main_stk                                0x08000121   Thumb Code     0  entry2.o(.ARM.Collect$$$$00000001)
    _main_scatterload                        0x08000125   Thumb Code     0  entry5.o(.ARM.Collect$$$$00000004)
    __main_after_scatterload                 0x08000129   Thumb Code     0  entry5.o(.ARM.Collect$$$$00000004)
    _main_clock                              0x08000129   Thumb Code     0  entry7b.o(.ARM.Collect$$$$00000008)
    _main_cpp_init                           0x08000129   Thumb Code     0  entry8b.o(.ARM.Collect$$$$0000000A)
    _main_init                               0x08000129   Thumb Code     0  entry9a.o(.ARM.Collect$$$$0000000B)
    __rt_final_cpp                           0x08000131   Thumb Code     0  entry10a.o(.ARM.Collect$$$$0000000D)
    __rt_final_exit                          0x08000131   Thumb Code     0  entry11a.o(.ARM.Collect$$$$0000000F)
    Reset_Handler                            0x08000135   Thumb Code     8  startup_stm32f100xb.o(.text)
    ADC1_IRQHandler                          0x0800014f   Thumb Code     0  startup_stm32f100xb.o(.text)
    CEC_IRQHandler                           0x0800014f   Thumb Code     0  startup_stm32f100xb.o(.text)
    DMA1_Channel1_IRQHandler                 0x0800014f   Thumb Code     0  startup_stm32f100xb.o(.text)
    DMA1_Channel2_IRQHandler                 0x0800014f   Thumb Code     0  startup_stm32f100xb.o(.text)
    DMA1_Channel3_IRQHandler                 0x0800014f   Thumb Code     0  startup_stm32f100xb.o(.text)
    DMA1_Channel4_IRQHandler                 0x0800014f   Thumb Code     0  startup_stm32f100xb.o(.text)
    DMA1_Channel5_IRQHandler                 0x0800014f   Thumb Code     0  startup_stm32f100xb.o(.text)
    DMA1_Channel6_IRQHandler                 0x0800014f   Thumb Code     0  startup_stm32f100xb.o(.text)
    DMA1_Channel7_IRQHandler                 0x0800014f   Thumb Code     0  startup_stm32f100xb.o(.text)
    EXTI15_10_IRQHandler                     0x0800014f   Thumb Code     0  startup_stm32f100xb.o(.text)
    EXTI1_IRQHandler                         0x0800014f   Thumb Code     0  startup_stm32f100xb.o(.text)
    EXTI2_IRQHandler                         0x0800014f   Thumb Code     0  startup_stm32f100xb.o(.text)
    EXTI3_IRQHandler                         0x0800014f   Thumb Code     0  startup_stm32f100xb.o(.text)
    EXTI4_IRQHandler                         0x0800014f   Thumb Code     0  startup_stm32f100xb.o(.text)
    EXTI9_5_IRQHandler                       0x0800014f   Thumb Code     0  startup_stm32f100xb.o(.text)
    FLASH_IRQHandler                         0x0800014f   Thumb Code     0  startup_stm32f100xb.o(.text)
    I2C1_ER_IRQHandler                       0x0800014f   Thumb Code     0  startup_stm32f100xb.o(.text)
    I2C1_EV_IRQHandler                       0x0800014f   Thumb Code     0  startup_stm32f100xb.o(.text)
    I2C2_ER_IRQHandler                       0x0800014f   Thumb Code     0  startup_stm32f100xb.o(.text)
    I2C2_EV_IRQHandler                       0x0800014f   Thumb Code     0  startup_stm32f100xb.o(.text)
    PVD_IRQHandler                           0x0800014f   Thumb Code     0  startup_stm32f100xb.o(.text)
    RCC_IRQHandler                           0x0800014f   Thumb Code     0  startup_stm32f100xb.o(.text)
    RTC_Alarm_IRQHandler                     0x0800014f   Thumb Code     0  startup_stm32f100xb.o(.text)
    RTC_IRQHandler                           0x0800014f   Thumb Code     0  startup_stm32f100xb.o(.text)
    SPI1_IRQHandler                          0x0800014f   Thumb Code     0  startup_stm32f100xb.o(.text)
    SPI2_IRQHandler                          0x0800014f   Thumb Code     0  startup_stm32f100xb.o(.text)
    TAMPER_IRQHandler                        0x0800014f   Thumb Code     0  startup_stm32f100xb.o(.text)
    TIM1_BRK_TIM15_IRQHandler                0x0800014f   Thumb Code     0  startup_stm32f100xb.o(.text)
    TIM1_CC_IRQHandler                       0x0800014f   Thumb Code     0  startup_stm32f100xb.o(.text)
    TIM1_TRG_COM_TIM17_IRQHandler            0x0800014f   Thumb Code     0  startup_stm32f100xb.o(.text)
    TIM1_UP_TIM16_IRQHandler                 0x0800014f   Thumb Code     0  startup_stm32f100xb.o(.text)
    TIM2_IRQHandler                          0x0800014f   Thumb Code     0  startup_stm32f100xb.o(.text)
    TIM3_IRQHandler                          0x0800014f   Thumb Code     0  startup_stm32f100xb.o(.text)
    TIM4_IRQHandler                          0x0800014f   Thumb Code     0  startup_stm32f100xb.o(.text)
    TIM6_DAC_IRQHandler                      0x0800014f   Thumb Code     0  startup_stm32f100xb.o(.text)
    TIM7_IRQHandler                          0x0800014f   Thumb Code     0  startup_stm32f100xb.o(.text)
    USART1_IRQHandler                        0x0800014f   Thumb Code     0  startup_stm32f100xb.o(.text)
    USART3_IRQHandler                        0x0800014f   Thumb Code     0  startup_stm32f100xb.o(.text)
    WWDG_IRQHandler                          0x0800014f   Thumb Code     0  startup_stm32f100xb.o(.text)
    __aeabi_memcpy                           0x08000159   Thumb Code    36  memcpya.o(.text)
    __aeabi_memcpy4                          0x08000159   Thumb Code     0  memcpya.o(.text)
    __aeabi_memcpy8                          0x08000159   Thumb Code     0  memcpya.o(.text)
    __aeabi_memset                           0x0800017d   Thumb Code    14  memseta.o(.text)
    __aeabi_memset4                          0x0800017d   Thumb Code     0  memseta.o(.text)
    __aeabi_memset8                          0x0800017d   Thumb Code     0  memseta.o(.text)
    __aeabi_memclr                           0x0800018b   Thumb Code     4  memseta.o(.text)
    __aeabi_memclr4                          0x0800018b   Thumb Code     0  memseta.o(.text)
    __aeabi_memclr8                          0x0800018b   Thumb Code     0  memseta.o(.text)
    _memset$wrapper                          0x0800018f   Thumb Code    18  memseta.o(.text)
    __aeabi_uldivmod                         0x080001a1   Thumb Code    98  uldiv.o(.text)
    __scatterload                            0x08000205   Thumb Code    38  init.o(.text)
    __scatterload_rt2                        0x08000205   Thumb Code     0  init.o(.text)
    __aeabi_llsl                             0x08000235   Thumb Code    30  llshl.o(.text)
    _ll_shift_l                              0x08000235   Thumb Code     0  llshl.o(.text)
    __aeabi_llsr                             0x08000253   Thumb Code    32  llushr.o(.text)
    _ll_ushift_r                             0x08000253   Thumb Code     0  llushr.o(.text)
    BusFault_Handler                         0x08000275   Thumb Code     2  stm32f1xx_it.o(.text.BusFault_Handler)
    DEBUG_USART_Config                       0x08000279   Thumb Code   164  bsp_debug_usart.o(.text.DEBUG_USART_Config)
    DebugMon_Handler                         0x0800031d   Thumb Code     2  stm32f1xx_it.o(.text.DebugMon_Handler)
    EXTI0_IRQHandler                         0x08000321   Thumb Code     2  stm32f1xx_it.o(.text.EXTI0_IRQHandler)
    F32C_Gimbal_Init                         0x08000325   Thumb Code  1120  f32c_gimbal.o(.text.F32C_Gimbal_Init)
    F32C_Gimbal_SendPositionBoth             0x080007e5   Thumb Code   194  f32c_gimbal.o(.text.F32C_Gimbal_SendPositionBoth)
    F32C_Gimbal_Task                         0x080008a9   Thumb Code  1028  f32c_gimbal.o(.text.F32C_Gimbal_Task)
    HAL_DMA_Abort                            0x08000cad   Thumb Code    64  stm32f1xx_hal_dma.o(.text.HAL_DMA_Abort)
    HAL_DMA_Abort_IT                         0x08000ced   Thumb Code   178  stm32f1xx_hal_dma.o(.text.HAL_DMA_Abort_IT)
    HAL_Delay                                0x08000da1   Thumb Code    40  stm32f1xx_hal.o(.text.HAL_Delay)
    HAL_GPIO_Init                            0x08000dc9   Thumb Code   514  stm32f1xx_hal_gpio.o(.text.HAL_GPIO_Init)
    HAL_GPIO_ReadPin                         0x08000fcd   Thumb Code    10  stm32f1xx_hal_gpio.o(.text.HAL_GPIO_ReadPin)
    HAL_GetTick                              0x08000fd9   Thumb Code    12  stm32f1xx_hal.o(.text.HAL_GetTick)
    HAL_IncTick                              0x08000fe5   Thumb Code    26  stm32f1xx_hal.o(.text.HAL_IncTick)
    HAL_Init                                 0x08001001   Thumb Code    38  stm32f1xx_hal.o(.text.HAL_Init)
    HAL_InitTick                             0x08001029   Thumb Code    80  stm32f1xx_hal.o(.text.HAL_InitTick)
    HAL_MspInit                              0x08001079   Thumb Code     2  stm32f1xx_hal.o(.text.HAL_MspInit)
    HAL_NVIC_EnableIRQ                       0x0800107d   Thumb Code    34  stm32f1xx_hal_cortex.o(.text.HAL_NVIC_EnableIRQ)
    HAL_NVIC_SetPriority                     0x080010a1   Thumb Code    86  stm32f1xx_hal_cortex.o(.text.HAL_NVIC_SetPriority)
    HAL_NVIC_SetPriorityGrouping             0x080010f9   Thumb Code    32  stm32f1xx_hal_cortex.o(.text.HAL_NVIC_SetPriorityGrouping)
    HAL_RCC_ClockConfig                      0x08001119   Thumb Code   434  stm32f1xx_hal_rcc.o(.text.HAL_RCC_ClockConfig)
    HAL_RCC_GetPCLK1Freq                     0x080012cd   Thumb Code    38  stm32f1xx_hal_rcc.o(.text.HAL_RCC_GetPCLK1Freq)
    HAL_RCC_GetPCLK2Freq                     0x080012f5   Thumb Code    38  stm32f1xx_hal_rcc.o(.text.HAL_RCC_GetPCLK2Freq)
    HAL_RCC_OscConfig                        0x0800131d   Thumb Code   824  stm32f1xx_hal_rcc.o(.text.HAL_RCC_OscConfig)
    HAL_SYSTICK_Config                       0x08001655   Thumb Code    44  stm32f1xx_hal_cortex.o(.text.HAL_SYSTICK_Config)
    HAL_UARTEx_RxEventCallback               0x08001681   Thumb Code     2  stm32f1xx_hal_uart.o(.text.HAL_UARTEx_RxEventCallback)
    HAL_UART_ErrorCallback                   0x08001685   Thumb Code     2  stm32f1xx_hal_uart.o(.text.HAL_UART_ErrorCallback)
    HAL_UART_IRQHandler                      0x08001689   Thumb Code   770  stm32f1xx_hal_uart.o(.text.HAL_UART_IRQHandler)
    HAL_UART_Init                            0x0800198d   Thumb Code   224  stm32f1xx_hal_uart.o(.text.HAL_UART_Init)
    HAL_UART_MspInit                         0x08001a6d   Thumb Code     2  stm32f1xx_hal_uart.o(.text.HAL_UART_MspInit)
    HAL_UART_Receive_IT                      0x08001a71   Thumb Code    84  stm32f1xx_hal_uart.o(.text.HAL_UART_Receive_IT)
    HAL_UART_RxCpltCallback                  0x08001ac5   Thumb Code    60  protocol_test.o(.text.HAL_UART_RxCpltCallback)
    HAL_UART_Transmit                        0x08001b01   Thumb Code   244  stm32f1xx_hal_uart.o(.text.HAL_UART_Transmit)
    HAL_UART_TxCpltCallback                  0x08001bf5   Thumb Code     2  stm32f1xx_hal_uart.o(.text.HAL_UART_TxCpltCallback)
    HardFault_Handler                        0x08001bf9   Thumb Code     2  stm32f1xx_it.o(.text.HardFault_Handler)
    MemManage_Handler                        0x08001bfd   Thumb Code     2  stm32f1xx_it.o(.text.MemManage_Handler)
    NMI_Handler                              0x08001c01   Thumb Code     2  stm32f1xx_it.o(.text.NMI_Handler)
    PendSV_Handler                           0x08001c05   Thumb Code     2  stm32f1xx_it.o(.text.PendSV_Handler)
    SVC_Handler                              0x08001c09   Thumb Code     2  stm32f1xx_it.o(.text.SVC_Handler)
    SysTick_Handler                          0x08001c0d   Thumb Code     4  stm32f1xx_it.o(.text.SysTick_Handler)
    SystemInit                               0x08001c11   Thumb Code     2  system_stm32f1xx.o(.text.SystemInit)
    USART2_IRQHandler                        0x08001ce1   Thumb Code    12  stm32f1xx_it.o(.text.USART2_IRQHandler)
    UsageFault_Handler                       0x08001ced   Thumb Code     2  stm32f1xx_it.o(.text.UsageFault_Handler)
    fputc                                    0x08001cf1   Thumb Code    32  bsp_debug_usart.o(.text.fputc)
    main                                     0x08001d11   Thumb Code   114  main.o(.text.main)
    packet_decode                            0x08001d85   Thumb Code    74  serial_protocol.o(.text.packet_decode)
    packet_is_valid                          0x08001dd1   Thumb Code   172  serial_protocol.o(.text.packet_is_valid)
    packet_length                            0x08001e7d   Thumb Code    36  serial_protocol.o(.text.packet_length)
    protocol_test_init                       0x08001ea1   Thumb Code   204  protocol_test.o(.text.protocol_test_init)
    protocol_test_proc                       0x08001f6d   Thumb Code   338  protocol_test.o(.text.protocol_test_proc)
    rbuffer_data_len                         0x080020c1   Thumb Code    62  ringbuffer.o(.text.rbuffer_data_len)
    rbuffer_del                              0x08002101   Thumb Code   122  ringbuffer.o(.text.rbuffer_del)
    rbuffer_init                             0x0800217d   Thumb Code    16  ringbuffer.o(.text.rbuffer_init)
    rbuffer_peek                             0x0800218d   Thumb Code   128  ringbuffer.o(.text.rbuffer_peek)
    rbuffer_putchar                          0x0800220d   Thumb Code    96  ringbuffer.o(.text.rbuffer_putchar)
    rbuffer_status                           0x0800226d   Thumb Code    18  ringbuffer.o(.text.rbuffer_status)
    __0printf$4                              0x08002281   Thumb Code    22  printf4.o(i.__0printf$4)
    __1printf$4                              0x08002281   Thumb Code     0  printf4.o(i.__0printf$4)
    __2printf                                0x08002281   Thumb Code     0  printf4.o(i.__0printf$4)
    __scatterload_copy                       0x080022a1   Thumb Code    14  handlers.o(i.__scatterload_copy)
    __scatterload_null                       0x080022af   Thumb Code     2  handlers.o(i.__scatterload_null)
    __scatterload_zeroinit                   0x080022b1   Thumb Code    14  handlers.o(i.__scatterload_zeroinit)
    puts                                     0x080024ed   Thumb Code    30  puts.o(i.puts)
    AHBPrescTable                            0x08002510   Data          16  system_stm32f1xx.o(.rodata.AHBPrescTable)
    APBPrescTable                            0x08002520   Data           8  system_stm32f1xx.o(.rodata.APBPrescTable)
    Region$$Table$$Base                      0x0800266c   Number         0  anon$$obj.o(Region$$Table)
    Region$$Table$$Limit                     0x0800268c   Number         0  anon$$obj.o(Region$$Table)
    __stdout                                 0x20000000   Data           4  stdout.o(.data)
    SystemCoreClock                          0x20000004   Data           4  system_stm32f1xx.o(.data.SystemCoreClock)
    uwTickFreq                               0x20000040   Data           1  stm32f1xx_hal.o(.data.uwTickFreq)
    uwTickPrio                               0x20000044   Data           4  stm32f1xx_hal.o(.data.uwTickPrio)
    Motor1_Current_Position                  0x20000054   Data           4  f32c_gimbal.o(.bss.Motor1_Current_Position)
    Motor1_T_Position                        0x20000058   Data           4  f32c_gimbal.o(.bss.Motor1_T_Position)
    Motor2_Current_Position                  0x2000005c   Data           4  f32c_gimbal.o(.bss.Motor2_Current_Position)
    Motor2_T_Position                        0x20000060   Data           4  f32c_gimbal.o(.bss.Motor2_T_Position)
    g_vision_target                          0x20000190   Data          20  protocol_test.o(.bss.g_vision_target)
    huart2                                   0x200001ec   Data          72  protocol_test.o(.bss.huart2)
    rbProtocol                               0x2000027c   Data          16  protocol_test.o(.bss.rbProtocol)
    uwTick                                   0x2000028c   Data           4  stm32f1xx_hal.o(.bss.uwTick)
    __initial_sp                             0x20000690   Data           0  startup_stm32f100xb.o(STACK)



==============================================================================

Memory Map of the image

  Image Entry point : 0x08000121

  Load Region LR_IROM1 (Base: 0x08000000, Size: 0x000026d8, Max: 0x00010000, ABSOLUTE)

    Execution Region ER_IROM1 (Exec base: 0x08000000, Load base: 0x08000000, Size: 0x0000268c, Max: 0x00010000, ABSOLUTE)

    Exec Addr    Load Addr    Size         Type   Attr      Idx    E Section Name        Object

    0x08000000   0x08000000   0x00000120   Data   RO          188    RESET               startup_stm32f100xb.o
    0x08000120   0x08000120   0x00000000   Code   RO         1959  * .ARM.Collect$$$$00000000  mc_w.l(entry.o)
    0x08000120   0x08000120   0x00000004   Code   RO         2233    .ARM.Collect$$$$00000001  mc_w.l(entry2.o)
    0x08000124   0x08000124   0x00000004   Code   RO         2236    .ARM.Collect$$$$00000004  mc_w.l(entry5.o)
    0x08000128   0x08000128   0x00000000   Code   RO         2238    .ARM.Collect$$$$00000008  mc_w.l(entry7b.o)
    0x08000128   0x08000128   0x00000000   Code   RO         2240    .ARM.Collect$$$$0000000A  mc_w.l(entry8b.o)
    0x08000128   0x08000128   0x00000008   Code   RO         2241    .ARM.Collect$$$$0000000B  mc_w.l(entry9a.o)
    0x08000130   0x08000130   0x00000000   Code   RO         2243    .ARM.Collect$$$$0000000D  mc_w.l(entry10a.o)
    0x08000130   0x08000130   0x00000000   Code   RO         2245    .ARM.Collect$$$$0000000F  mc_w.l(entry11a.o)
    0x08000130   0x08000130   0x00000004   Code   RO         2234    .ARM.Collect$$$$00002712  mc_w.l(entry2.o)
    0x08000134   0x08000134   0x00000024   Code   RO          189    .text               startup_stm32f100xb.o
    0x08000158   0x08000158   0x00000024   Code   RO         1966    .text               mc_w.l(memcpya.o)
    0x0800017c   0x0800017c   0x00000024   Code   RO         1968    .text               mc_w.l(memseta.o)
    0x080001a0   0x080001a0   0x00000062   Code   RO         2259    .text               mc_w.l(uldiv.o)
    0x08000202   0x08000202   0x00000002   PAD
    0x08000204   0x08000204   0x00000030   Code   RO         2272    .text               mc_w.l(init.o)
    0x08000234   0x08000234   0x0000001e   Code   RO         2274    .text               mc_w.l(llshl.o)
    0x08000252   0x08000252   0x00000020   Code   RO         2276    .text               mc_w.l(llushr.o)
    0x08000272   0x08000272   0x00000002   PAD
    0x08000274   0x08000274   0x00000002   Code   RO           18    .text.BusFault_Handler  stm32f1xx_it.o
    0x08000276   0x08000276   0x00000002   PAD
    0x08000278   0x08000278   0x000000a4   Code   RO          116    .text.DEBUG_USART_Config  bsp_debug_usart.o
    0x0800031c   0x0800031c   0x00000002   Code   RO           24    .text.DebugMon_Handler  stm32f1xx_it.o
    0x0800031e   0x0800031e   0x00000002   PAD
    0x08000320   0x08000320   0x00000002   Code   RO           30    .text.EXTI0_IRQHandler  stm32f1xx_it.o
    0x08000322   0x08000322   0x00000002   PAD
    0x08000324   0x08000324   0x000004c0   Code   RO           73    .text.F32C_Gimbal_Init  f32c_gimbal.o
    0x080007e4   0x080007e4   0x000000c2   Code   RO           67    .text.F32C_Gimbal_SendPositionBoth  f32c_gimbal.o
    0x080008a6   0x080008a6   0x00000002   PAD
    0x080008a8   0x080008a8   0x00000404   Code   RO           75    .text.F32C_Gimbal_Task  f32c_gimbal.o
    0x08000cac   0x08000cac   0x00000040   Code   RO          521    .text.HAL_DMA_Abort  stm32f1xx_hal_dma.o
    0x08000cec   0x08000cec   0x000000b2   Code   RO          523    .text.HAL_DMA_Abort_IT  stm32f1xx_hal_dma.o
    0x08000d9e   0x08000d9e   0x00000002   PAD
    0x08000da0   0x08000da0   0x00000028   Code   RO          231    .text.HAL_Delay     stm32f1xx_hal.o
    0x08000dc8   0x08000dc8   0x00000202   Code   RO          601    .text.HAL_GPIO_Init  stm32f1xx_hal_gpio.o
    0x08000fca   0x08000fca   0x00000002   PAD
    0x08000fcc   0x08000fcc   0x0000000a   Code   RO          605    .text.HAL_GPIO_ReadPin  stm32f1xx_hal_gpio.o
    0x08000fd6   0x08000fd6   0x00000002   PAD
    0x08000fd8   0x08000fd8   0x0000000c   Code   RO          223    .text.HAL_GetTick   stm32f1xx_hal.o
    0x08000fe4   0x08000fe4   0x0000001a   Code   RO          221    .text.HAL_IncTick   stm32f1xx_hal.o
    0x08000ffe   0x08000ffe   0x00000002   PAD
    0x08001000   0x08001000   0x00000026   Code   RO          211    .text.HAL_Init      stm32f1xx_hal.o
    0x08001026   0x08001026   0x00000002   PAD
    0x08001028   0x08001028   0x00000050   Code   RO          213    .text.HAL_InitTick  stm32f1xx_hal.o
    0x08001078   0x08001078   0x00000002   Code   RO          215    .text.HAL_MspInit   stm32f1xx_hal.o
    0x0800107a   0x0800107a   0x00000002   PAD
    0x0800107c   0x0800107c   0x00000022   Code   RO          453    .text.HAL_NVIC_EnableIRQ  stm32f1xx_hal_cortex.o
    0x0800109e   0x0800109e   0x00000002   PAD
    0x080010a0   0x080010a0   0x00000056   Code   RO          451    .text.HAL_NVIC_SetPriority  stm32f1xx_hal_cortex.o
    0x080010f6   0x080010f6   0x00000002   PAD
    0x080010f8   0x080010f8   0x00000020   Code   RO          449    .text.HAL_NVIC_SetPriorityGrouping  stm32f1xx_hal_cortex.o
    0x08001118   0x08001118   0x000001b2   Code   RO         1019    .text.HAL_RCC_ClockConfig  stm32f1xx_hal_rcc.o
    0x080012ca   0x080012ca   0x00000002   PAD
    0x080012cc   0x080012cc   0x00000026   Code   RO         1031    .text.HAL_RCC_GetPCLK1Freq  stm32f1xx_hal_rcc.o
    0x080012f2   0x080012f2   0x00000002   PAD
    0x080012f4   0x080012f4   0x00000026   Code   RO         1033    .text.HAL_RCC_GetPCLK2Freq  stm32f1xx_hal_rcc.o
    0x0800131a   0x0800131a   0x00000002   PAD
    0x0800131c   0x0800131c   0x00000338   Code   RO         1017    .text.HAL_RCC_OscConfig  stm32f1xx_hal_rcc.o
    0x08001654   0x08001654   0x0000002c   Code   RO          461    .text.HAL_SYSTICK_Config  stm32f1xx_hal_cortex.o
    0x08001680   0x08001680   0x00000002   Code   RO         1756    .text.HAL_UARTEx_RxEventCallback  stm32f1xx_hal_uart.o
    0x08001682   0x08001682   0x00000002   PAD
    0x08001684   0x08001684   0x00000002   Code   RO         1754    .text.HAL_UART_ErrorCallback  stm32f1xx_hal_uart.o
    0x08001686   0x08001686   0x00000002   PAD
    0x08001688   0x08001688   0x00000302   Code   RO         1748    .text.HAL_UART_IRQHandler  stm32f1xx_hal_uart.o
    0x0800198a   0x0800198a   0x00000002   PAD
    0x0800198c   0x0800198c   0x000000e0   Code   RO         1672    .text.HAL_UART_Init  stm32f1xx_hal_uart.o
    0x08001a6c   0x08001a6c   0x00000002   Code   RO         1674    .text.HAL_UART_MspInit  stm32f1xx_hal_uart.o
    0x08001a6e   0x08001a6e   0x00000002   PAD
    0x08001a70   0x08001a70   0x00000054   Code   RO         1692    .text.HAL_UART_Receive_IT  stm32f1xx_hal_uart.o
    0x08001ac4   0x08001ac4   0x0000003c   Code   RO           45    .text.HAL_UART_RxCpltCallback  protocol_test.o
    0x08001b00   0x08001b00   0x000000f4   Code   RO         1686    .text.HAL_UART_Transmit  stm32f1xx_hal_uart.o
    0x08001bf4   0x08001bf4   0x00000002   Code   RO         1758    .text.HAL_UART_TxCpltCallback  stm32f1xx_hal_uart.o
    0x08001bf6   0x08001bf6   0x00000002   PAD
    0x08001bf8   0x08001bf8   0x00000002   Code   RO           14    .text.HardFault_Handler  stm32f1xx_it.o
    0x08001bfa   0x08001bfa   0x00000002   PAD
    0x08001bfc   0x08001bfc   0x00000002   Code   RO           16    .text.MemManage_Handler  stm32f1xx_it.o
    0x08001bfe   0x08001bfe   0x00000002   PAD
    0x08001c00   0x08001c00   0x00000002   Code   RO           12    .text.NMI_Handler   stm32f1xx_it.o
    0x08001c02   0x08001c02   0x00000002   PAD
    0x08001c04   0x08001c04   0x00000002   Code   RO           26    .text.PendSV_Handler  stm32f1xx_it.o
    0x08001c06   0x08001c06   0x00000002   PAD
    0x08001c08   0x08001c08   0x00000002   Code   RO           22    .text.SVC_Handler   stm32f1xx_it.o
    0x08001c0a   0x08001c0a   0x00000002   PAD
    0x08001c0c   0x08001c0c   0x00000004   Code   RO           28    .text.SysTick_Handler  stm32f1xx_it.o
    0x08001c10   0x08001c10   0x00000002   Code   RO          196    .text.SystemInit    system_stm32f1xx.o
    0x08001c12   0x08001c12   0x00000002   PAD
    0x08001c14   0x08001c14   0x0000000c   Code   RO         1752    .text.UART_DMAAbortOnError  stm32f1xx_hal_uart.o
    0x08001c20   0x08001c20   0x000000c0   Code   RO         1750    .text.UART_Receive_IT  stm32f1xx_hal_uart.o
    0x08001ce0   0x08001ce0   0x0000000c   Code   RO           32    .text.USART2_IRQHandler  stm32f1xx_it.o
    0x08001cec   0x08001cec   0x00000002   Code   RO           20    .text.UsageFault_Handler  stm32f1xx_it.o
    0x08001cee   0x08001cee   0x00000002   PAD
    0x08001cf0   0x08001cf0   0x00000020   Code   RO          118    .text.fputc         bsp_debug_usart.o
    0x08001d10   0x08001d10   0x00000072   Code   RO            2    .text.main          main.o
    0x08001d82   0x08001d82   0x00000002   PAD
    0x08001d84   0x08001d84   0x0000004a   Code   RO          177    .text.packet_decode  serial_protocol.o
    0x08001dce   0x08001dce   0x00000002   PAD
    0x08001dd0   0x08001dd0   0x000000ac   Code   RO          171    .text.packet_is_valid  serial_protocol.o
    0x08001e7c   0x08001e7c   0x00000024   Code   RO          173    .text.packet_length  serial_protocol.o
    0x08001ea0   0x08001ea0   0x000000cc   Code   RO           41    .text.protocol_test_init  protocol_test.o
    0x08001f6c   0x08001f6c   0x00000152   Code   RO           43    .text.protocol_test_proc  protocol_test.o
    0x080020be   0x080020be   0x00000002   PAD
    0x080020c0   0x080020c0   0x0000003e   Code   RO          145    .text.rbuffer_data_len  ringbuffer.o
    0x080020fe   0x080020fe   0x00000002   PAD
    0x08002100   0x08002100   0x0000007a   Code   RO          151    .text.rbuffer_del   ringbuffer.o
    0x0800217a   0x0800217a   0x00000002   PAD
    0x0800217c   0x0800217c   0x00000010   Code   RO          141    .text.rbuffer_init  ringbuffer.o
    0x0800218c   0x0800218c   0x00000080   Code   RO          153    .text.rbuffer_peek  ringbuffer.o
    0x0800220c   0x0800220c   0x00000060   Code   RO          155    .text.rbuffer_putchar  ringbuffer.o
    0x0800226c   0x0800226c   0x00000012   Code   RO          139    .text.rbuffer_status  ringbuffer.o
    0x0800227e   0x0800227e   0x00000002   PAD
    0x08002280   0x08002280   0x00000020   Code   RO         2083    i.__0printf$4       mc_w.l(printf4.o)
    0x080022a0   0x080022a0   0x0000000e   Code   RO         2284    i.__scatterload_copy  mc_w.l(handlers.o)
    0x080022ae   0x080022ae   0x00000002   Code   RO         2285    i.__scatterload_null  mc_w.l(handlers.o)
    0x080022b0   0x080022b0   0x0000000e   Code   RO         2286    i.__scatterload_zeroinit  mc_w.l(handlers.o)
    0x080022be   0x080022be   0x00000002   PAD
    0x080022c0   0x080022c0   0x0000022c   Code   RO         2090    i._printf_core      mc_w.l(printf4.o)
    0x080024ec   0x080024ec   0x00000024   Code   RO         1962    i.puts              mc_w.l(puts.o)
    0x08002510   0x08002510   0x00000010   Data   RO          201    .rodata.AHBPrescTable  system_stm32f1xx.o
    0x08002520   0x08002520   0x00000008   Data   RO          202    .rodata.APBPrescTable  system_stm32f1xx.o
    0x08002528   0x08002528   0x00000002   Data   RO         1044    .rodata.HAL_RCC_GetSysClockFreq.aPredivFactorTable  stm32f1xx_hal_rcc.o
    0x0800252a   0x0800252a   0x00000010   Data   RO         1043    .rodata.cst16       stm32f1xx_hal_rcc.o
    0x0800253a   0x0800253a   0x0000004d   Data   RO           52    .rodata.str1.1      protocol_test.o
    0x08002587   0x08002587   0x000000e4   Data   RO           85    .rodata.str1.1      f32c_gimbal.o
    0x0800266b   0x0800266b   0x00000001   PAD
    0x0800266c   0x0800266c   0x00000020   Data   RO         2283    Region$$Table       anon$$obj.o


    Execution Region RW_IRAM1 (Exec base: 0x20000000, Load base: 0x08002690, Size: 0x00000690, Max: 0x00005000, ABSOLUTE)

    Exec Addr    Load Addr    Size         Type   Attr      Idx    E Section Name        Object

    0x20000000   0x08002690   0x00000004   Data   RW         2247    .data               mc_w.l(stdout.o)
    0x20000004   0x08002694   0x00000004   Data   RW          200    .data.SystemCoreClock  system_stm32f1xx.o
    0x20000008   0x08002698   0x00000005   Data   RW           94    .data.motor1_Enable_data  f32c_gimbal.o
    0x2000000d   0x0800269d   0x00000007   Data   RW           96    .data.motor1_Mode_data  f32c_gimbal.o
    0x20000014   0x080026a4   0x00000009   Data   RW           90    .data.motor1_Position_data  f32c_gimbal.o
    0x2000001d   0x080026ad   0x00000007   Data   RW           98    .data.motor1_Speed_data  f32c_gimbal.o
    0x20000024   0x080026b4   0x00000005   Data   RW           95    .data.motor2_Enable_data  f32c_gimbal.o
    0x20000029   0x080026b9   0x00000007   Data   RW           97    .data.motor2_Mode_data  f32c_gimbal.o
    0x20000030   0x080026c0   0x00000009   Data   RW           91    .data.motor2_Position_data  f32c_gimbal.o
    0x20000039   0x080026c9   0x00000007   Data   RW           99    .data.motor2_Speed_data  f32c_gimbal.o
    0x20000040   0x080026d0   0x00000001   Data   RW          262    .data.uwTickFreq    stm32f1xx_hal.o
    0x20000041   0x080026d1   0x00000003   PAD
    0x20000044   0x080026d4   0x00000004   Data   RW          261    .data.uwTickPrio    stm32f1xx_hal.o
    0x20000048        -       0x00000004   Zero   RW           87    .bss.F32C_Gimbal_Task.last_control_ms  f32c_gimbal.o
    0x2000004c        -       0x00000004   Zero   RW           88    .bss.F32C_Gimbal_Task.last_seen_count  f32c_gimbal.o
    0x20000050        -       0x00000004   Zero   RW           89    .bss.F32C_Gimbal_Task.last_seen_ms  f32c_gimbal.o
    0x20000054        -       0x00000004   Zero   RW           79    .bss.Motor1_Current_Position  f32c_gimbal.o
    0x20000058        -       0x00000004   Zero   RW           77    .bss.Motor1_T_Position  f32c_gimbal.o
    0x2000005c        -       0x00000004   Zero   RW           80    .bss.Motor2_Current_Position  f32c_gimbal.o
    0x20000060        -       0x00000004   Zero   RW           78    .bss.Motor2_T_Position  f32c_gimbal.o
    0x20000064        -       0x00000100   Zero   RW           51    .bss._aBuffer       protocol_test.o
    0x20000164        -       0x00000001   Zero   RW           49    .bss._u8Data        protocol_test.o
    0x20000165        -       0x00000001   Zero   RW          101    .bss.f32c_update_track_zone_from_gpio.last_raw_zone  f32c_gimbal.o
    0x20000166   0x080026d8   0x00000002   PAD
    0x20000168        -       0x00000004   Zero   RW          100    .bss.f32c_update_track_zone_from_gpio.last_sample_ms  f32c_gimbal.o
    0x2000016c        -       0x00000001   Zero   RW          102    .bss.f32c_update_track_zone_from_gpio.stable_count  f32c_gimbal.o
    0x2000016d        -       0x00000001   Zero   RW          103    .bss.g_has_last_good_vision  f32c_gimbal.o
    0x2000016e        -       0x00000002   Zero   RW          105    .bss.g_last_good_err_x  f32c_gimbal.o
    0x20000170        -       0x00000004   Zero   RW          104    .bss.g_last_good_ms  f32c_gimbal.o
    0x20000174        -       0x00000002   Zero   RW          106    .bss.g_last_good_raw_dx  f32c_gimbal.o
    0x20000176        -       0x00000002   Zero   RW          107    .bss.g_last_good_raw_dy  f32c_gimbal.o
    0x20000178        -       0x00000004   Zero   RW           84    .bss.g_last_position_send_ms  f32c_gimbal.o
    0x2000017c        -       0x00000004   Zero   RW           93    .bss.g_pending_pitch_x10  f32c_gimbal.o
    0x20000180        -       0x00000001   Zero   RW           83    .bss.g_pending_position_valid  f32c_gimbal.o
    0x20000181   0x080026d8   0x00000003   PAD
    0x20000184        -       0x00000004   Zero   RW           92    .bss.g_pending_yaw_x10  f32c_gimbal.o
    0x20000188        -       0x00000001   Zero   RW           81    .bss.g_track_zone   f32c_gimbal.o
    0x20000189   0x080026d8   0x00000003   PAD
    0x2000018c        -       0x00000004   Zero   RW           82    .bss.g_track_zone_start_ms  f32c_gimbal.o
    0x20000190        -       0x00000014   Zero   RW           47    .bss.g_vision_target  protocol_test.o
    0x200001a4        -       0x00000048   Zero   RW          122    .bss.huart          bsp_debug_usart.o
    0x200001ec        -       0x00000048   Zero   RW           48    .bss.huart2         protocol_test.o
    0x20000234        -       0x00000048   Zero   RW           86    .bss.huart3         f32c_gimbal.o
    0x2000027c        -       0x00000010   Zero   RW           50    .bss.rbProtocol     protocol_test.o
    0x2000028c        -       0x00000004   Zero   RW          263    .bss.uwTick         stm32f1xx_hal.o
    0x20000290        -       0x00000400   Zero   RW          186    STACK               startup_stm32f100xb.o


==============================================================================

Image component sizes


      Code (inc. data)   RO Data    RW Data    ZI Data      Debug   Object Name

       196          0          0          0         72       4457   bsp_debug_usart.o
      2438        100        228         56        135      17863   f32c_gimbal.o
       114          0          0          0          0       1643   main.o
       602          0         77          0        365       7145   protocol_test.o
       442          0          0          0          0       7230   ringbuffer.o
       282          0          0          0          0       2574   serial_protocol.o
        36          8        288          0       1024        928   startup_stm32f100xb.o
       198          0          0          5          4       5779   stm32f1xx_hal.o
       196          0          0          0          0       8436   stm32f1xx_hal_cortex.o
       242          0          0          0          0       7741   stm32f1xx_hal_dma.o
       524         20          0          0          0       4754   stm32f1xx_hal_gpio.o
      1334          0         18          0          0       7719   stm32f1xx_hal_rcc.o
      1534          0          0          0          0      28083   stm32f1xx_hal_uart.o
        34          0          0          0          0       3941   stm32f1xx_it.o
         2          0         24          4          0       1684   system_stm32f1xx.o

    ----------------------------------------------------------------------
      8240        128        668         68       1608     109977   Object Totals
         0          0         32          0          0          0   (incl. Generated)
        66          0          1          3          8          0   (incl. Padding)

    ----------------------------------------------------------------------

      Code (inc. data)   RO Data    RW Data    ZI Data      Debug   Library Member Name

         0          0          0          0          0          0   entry.o
         0          0          0          0          0          0   entry10a.o
         0          0          0          0          0          0   entry11a.o
         8          4          0          0          0          0   entry2.o
         4          0          0          0          0          0   entry5.o
         0          0          0          0          0          0   entry7b.o
         0          0          0          0          0          0   entry8b.o
         8          4          0          0          0          0   entry9a.o
        30          0          0          0          0          0   handlers.o
        48         10          0          0          0         68   init.o
        30          0          0          0          0         68   llshl.o
        32          0          0          0          0         68   llushr.o
        36          0          0          0          0         68   memcpya.o
        36          0          0          0          0        108   memseta.o
       588         14          0          0          0        184   printf4.o
        36          6          0          0          0         80   puts.o
         0          0          0          4          0          0   stdout.o
        98          0          0          0          0         92   uldiv.o

    ----------------------------------------------------------------------
       960         38          0          4          0        736   Library Totals
         6          0          0          0          0          0   (incl. Padding)

    ----------------------------------------------------------------------

      Code (inc. data)   RO Data    RW Data    ZI Data      Debug   Library Name

       954         38          0          4          0        736   mc_w.l

    ----------------------------------------------------------------------
       960         38          0          4          0        736   Library Totals

    ----------------------------------------------------------------------

==============================================================================


      Code (inc. data)   RO Data    RW Data    ZI Data      Debug   

      9200        166        668         72       1608     110293   Grand Totals
      9200        166        668         72       1608     110293   ELF Image Totals
      9200        166        668         72          0          0   ROM Totals

==============================================================================

    Total RO  Size (Code + RO Data)                 9868 (   9.64kB)
    Total RW  Size (RW Data + ZI Data)              1680 (   1.64kB)
    Total ROM Size (Code + RO Data + RW Data)       9940 (   9.71kB)

==============================================================================

